 LabB_CheckCommunications_cgxe

 Timestamp is 619fba1f (Thu Nov 25 17:30:23 2021)

 Preferred load address is 0000000180000000

 Start         Length     Name                   Class
 0001:00000000 0000b680H .text$mn                CODE
 0001:0000b680 00000036H .text$mn$00             CODE
 0001:0000b6b6 00000092H .text$x                 CODE
 0002:00000000 00000378H .idata$5                DATA
 0002:00000378 00000028H .00cfg                  DATA
 0002:000003a0 00000008H .CRT$XCA                DATA
 0002:000003a8 00000008H .CRT$XCZ                DATA
 0002:000003b0 00000008H .CRT$XIA                DATA
 0002:000003b8 00000008H .CRT$XIZ                DATA
 0002:000003c0 00000008H .CRT$XPA                DATA
 0002:000003c8 00000008H .CRT$XPZ                DATA
 0002:000003d0 00000008H .CRT$XTA                DATA
 0002:000003d8 00000008H .CRT$XTZ                DATA
 0002:000003e0 00000000H .gehcont$y              DATA
 0002:000003e0 00000000H .gfids$y                DATA
 0002:000003e0 000002a0H .rdata                  DATA
 0002:00000680 00000008H .rdata$CastGuardVftablesA DATA
 0002:00000688 00000008H .rdata$CastGuardVftablesC DATA
 0002:00000690 00000260H .rdata$zzzdbg           DATA
 0002:000008f0 00000008H .rtc$IAA                DATA
 0002:000008f8 00000008H .rtc$IZZ                DATA
 0002:00000900 00000008H .rtc$TAA                DATA
 0002:00000908 00000008H .rtc$TZZ                DATA
 0002:00000910 00000780H .xdata                  DATA
 0002:00001090 00000088H .edata                  DATA
 0002:00001118 000000dcH .idata$2                DATA
 0002:000011f4 00000014H .idata$3                DATA
 0002:00001208 00000378H .idata$4                DATA
 0002:00001580 000008fcH .idata$6                DATA
 0003:00000000 00002870H .data                   DATA
 0003:00002870 00000620H .bss                    DATA
 0004:00000000 000008acH .pdata                  DATA

  Address         Publics by Value              Rva+Base               Lib:Object

 0000:00000000       __guard_longjmp_table      0000000000000000     <absolute>
 0000:00000000       __arm64x_extra_rfe_table_size 0000000000000000     <absolute>
 0000:00000000       ___safe_se_handler_count   0000000000000000     <absolute>
 0000:00000000       __hybrid_auxiliary_iat     0000000000000000     <absolute>
 0000:00000000       __x64_code_ranges_to_entry_points_count 0000000000000000     <absolute>
 0000:00000000       __guard_check_icall_a64n_fptr 0000000000000000     <absolute>
 0000:00000000       __AbsoluteZero             0000000000000000     <absolute>
 0000:00000000       __guard_fids_table         0000000000000000     <absolute>
 0000:00000000       __guard_fids_count         0000000000000000     <absolute>
 0000:00000000       __x64_code_ranges_to_entry_points 0000000000000000     <absolute>
 0000:00000000       __guard_longjmp_count      0000000000000000     <absolute>
 0000:00000000       __hybrid_code_map_count    0000000000000000     <absolute>
 0000:00000000       __hybrid_code_map          0000000000000000     <absolute>
 0000:00000000       ___safe_se_handler_table   0000000000000000     <absolute>
 0000:00000000       __hybrid_auxiliary_iat_copy 0000000000000000     <absolute>
 0000:00000000       __dynamic_value_reloc_table 0000000000000000     <absolute>
 0000:00000000       __guard_eh_cont_count      0000000000000000     <absolute>
 0000:00000000       __guard_iat_table          0000000000000000     <absolute>
 0000:00000000       __guard_iat_count          0000000000000000     <absolute>
 0000:00000000       __volatile_metadata        0000000000000000     <absolute>
 0000:00000000       __arm64x_redirection_metadata 0000000000000000     <absolute>
 0000:00000000       __arm64x_native_entrypoint 0000000000000000     <absolute>
 0000:00000000       __arm64x_extra_rfe_table   0000000000000000     <absolute>
 0000:00000000       __arm64x_redirection_metadata_count 0000000000000000     <absolute>
 0000:00000000       __guard_eh_cont_table      0000000000000000     <absolute>
 0000:00000000       __enclave_config           0000000000000000     <absolute>
 0000:00000100       __guard_flags              0000000000000100     <absolute>
 0000:00000000       __ImageBase                0000000180000000     <linker-defined>
 0001:00000000       mexfilerequiredapiversion  0000000180001000 f   c_mexapi_version.obj
 0001:00000030       cgxe_LabB_CheckCommunications_method_dispatcher 0000000180001030 f   LabB_CheckCommunications_cgxe.obj
 0001:000000d0       method_dispatcher_79H60AoriwQj1LzelpYjTG 00000001800010d0 f   m_79H60AoriwQj1LzelpYjTG.obj
 0001:000020e0       cgxe_79H60AoriwQj1LzelpYjTG_BuildInfoUpdate 00000001800030e0 f   m_79H60AoriwQj1LzelpYjTG.obj
 0001:00002270       cgxe_79H60AoriwQj1LzelpYjTG_fallback_info 0000000180003270 f   m_79H60AoriwQj1LzelpYjTG.obj
 0001:00002310       mexFunction                0000000180003310 f   LabB_CheckCommunications_cgxe_registry.obj
 0001:00004050       _ssSetInputPortDirectFeedThroughFcn 0000000180005050 f   LabB_CheckCommunications_cgxe_registry.obj
 0001:000041c0       _ssSetRWorkValueFcn        00000001800051c0 f   LabB_CheckCommunications_cgxe_registry.obj
 0001:00004240       _ssGetRWorkValueFcn        0000000180005240 f   LabB_CheckCommunications_cgxe_registry.obj
 0001:000042b0       _ssSetIWorkValueFcn        00000001800052b0 f   LabB_CheckCommunications_cgxe_registry.obj
 0001:00004330       _ssGetIWorkValueFcn        0000000180005330 f   LabB_CheckCommunications_cgxe_registry.obj
 0001:000043a0       _ssSetPWorkValueFcn        00000001800053a0 f   LabB_CheckCommunications_cgxe_registry.obj
 0001:00004420       _ssGetPWorkValueFcn        0000000180005420 f   LabB_CheckCommunications_cgxe_registry.obj
 0001:00004490       _ssGetInputPortSignalFcn   0000000180005490 f   LabB_CheckCommunications_cgxe_registry.obj
 0001:00004820       _ssGetInputPortBufferDstPortFcn 0000000180005820 f   LabB_CheckCommunications_cgxe_registry.obj
 0001:000048a0       _ssGetInputPortSignalPtrsFcn 00000001800058a0 f   LabB_CheckCommunications_cgxe_registry.obj
 0001:00004c30       ssGetParameterTuningCompliance 0000000180005c30 f   LabB_CheckCommunications_cgxe_registry.obj
 0001:00004ca0       ssGetDTypeIdFromMxArray    0000000180005ca0 f   LabB_CheckCommunications_cgxe_registry.obj
 0001:00004dc0       ssWriteRTWMx2dMatParam     0000000180005dc0 f   LabB_CheckCommunications_cgxe_registry.obj
 0001:00004e50       ssWriteRTWMxVectParam      0000000180005e50 f   LabB_CheckCommunications_cgxe_registry.obj
 0001:00004ed0       ssWriteRTWParameters       0000000180005ed0 f   LabB_CheckCommunications_cgxe_registry.obj
 0001:00005490       ssWriteRTWParamSettings    0000000180006490 f   LabB_CheckCommunications_cgxe_registry.obj
 0001:00005b80       ssWriteRTWStr              0000000180006b80 f   LabB_CheckCommunications_cgxe_registry.obj
 0001:00005be0       ssWriteRTWWorkVect         0000000180006be0 f   LabB_CheckCommunications_cgxe_registry.obj
 0001:00006140       ssWarning                  0000000180007140 f   LabB_CheckCommunications_cgxe_registry.obj
 0001:00006230       ssWriteRTWNameValuePair    0000000180007230 f   LabB_CheckCommunications_cgxe_registry.obj
 0001:00006730       _ssSetInputPortMatrixDimensions 0000000180007730 f   LabB_CheckCommunications_cgxe_registry.obj
 0001:00006850       _ssSetOutputPortMatrixDimensions 0000000180007850 f   LabB_CheckCommunications_cgxe_registry.obj
 0001:00006970       _ssSetInputPortVectorDimension 0000000180007970 f   LabB_CheckCommunications_cgxe_registry.obj
 0001:00006a20       _ssSetOutputPortVectorDimension 0000000180007a20 f   LabB_CheckCommunications_cgxe_registry.obj
 0001:00006ad0       ssIsRunTimeParamTunable    0000000180007ad0 f   LabB_CheckCommunications_cgxe_registry.obj
 0001:00006b40       ssGetSFuncBlockHandle      0000000180007b40 f   LabB_CheckCommunications_cgxe_registry.obj
 0001:00006bb0       _ssGetCurrentInputPortWidth 0000000180007bb0 f   LabB_CheckCommunications_cgxe_registry.obj
 0001:00006cf0       _ssGetCurrentOutputPortWidth 0000000180007cf0 f   LabB_CheckCommunications_cgxe_registry.obj
 0001:00006e30       _ssGetCallSystemNumFcnCallDestinations 0000000180007e30 f   LabB_CheckCommunications_cgxe_registry.obj
 0001:00006ea0       ssGetIsZeroCrossControlDisabled 0000000180007ea0 f   LabB_CheckCommunications_cgxe_registry.obj
 0001:00006f10       ssSetIsInputPortUsedForContZcSignal 0000000180007f10 f   LabB_CheckCommunications_cgxe_registry.obj
 0001:00006f80       ssSetZcSignalIsZcElementDisc 0000000180007f80 f   LabB_CheckCommunications_cgxe_registry.obj
 0001:00007030       ssSetZcSignalName          0000000180008030 f   LabB_CheckCommunications_cgxe_registry.obj
 0001:000070a0       ssSetZcSignalWidth         00000001800080a0 f   LabB_CheckCommunications_cgxe_registry.obj
 0001:00007110       ssSetZcSignalZcEventType   0000000180008110 f   LabB_CheckCommunications_cgxe_registry.obj
 0001:00007180       ssSetZcSignalType          0000000180008180 f   LabB_CheckCommunications_cgxe_registry.obj
 0001:000071f0       ssSetZcSignalZcTol         00000001800081f0 f   LabB_CheckCommunications_cgxe_registry.obj
 0001:00007260       ssSetZcSignalNeedsEventNotification 0000000180008260 f   LabB_CheckCommunications_cgxe_registry.obj
 0001:000072d0       ssCreateAndAddZcSignalInfo 00000001800082d0 f   LabB_CheckCommunications_cgxe_registry.obj
 0001:00007340       ssCloneAndAddZcSignalInfo  0000000180008340 f   LabB_CheckCommunications_cgxe_registry.obj
 0001:000073b0       ssGetNumZcSignals          00000001800083b0 f   LabB_CheckCommunications_cgxe_registry.obj
 0001:00007420       ssGetZcSignalVector        0000000180008420 f   LabB_CheckCommunications_cgxe_registry.obj
 0001:00007490       ssGetZcSignalName          0000000180008490 f   LabB_CheckCommunications_cgxe_registry.obj
 0001:00007500       ssGetZcSignalWidth         0000000180008500 f   LabB_CheckCommunications_cgxe_registry.obj
 0001:00007570       ssGetZcSignalZcEventType   0000000180008570 f   LabB_CheckCommunications_cgxe_registry.obj
 0001:000075e0       ssGetZcSignalZcEvents      00000001800085e0 f   LabB_CheckCommunications_cgxe_registry.obj
 0001:00007650       ssGetZcSignalType          0000000180008650 f   LabB_CheckCommunications_cgxe_registry.obj
 0001:000076c0       ssGetZcSignalZcTol         00000001800086c0 f   LabB_CheckCommunications_cgxe_registry.obj
 0001:00007740       ssGetZcSignalNeedsEventNotification 0000000180008740 f   LabB_CheckCommunications_cgxe_registry.obj
 0001:000077b0       ssGetZcSignalIsZcElementDisc 00000001800087b0 f   LabB_CheckCommunications_cgxe_registry.obj
 0001:00007850       ssGetIsInputPortElementContinuous 0000000180008850 f   LabB_CheckCommunications_cgxe_registry.obj
 0001:000078f0       _ssGetAbsTol               00000001800088f0 f   LabB_CheckCommunications_cgxe_registry.obj
 0001:00007960       _ssSetStateAbsTol          0000000180008960 f   LabB_CheckCommunications_cgxe_registry.obj
 0001:00007a40       _ssSetInputPortReusableFcn 0000000180008a40 f   LabB_CheckCommunications_cgxe_registry.obj
 0001:00007b40       _ssSetOutputPortReusableFcn 0000000180008b40 f   LabB_CheckCommunications_cgxe_registry.obj
 0001:00007c40       _ssSetSymbolicDimsSupport  0000000180008c40 f   LabB_CheckCommunications_cgxe_registry.obj
 0001:00007cb0       _ssRegisterSymbolicDimsExpr 0000000180008cb0 f   LabB_CheckCommunications_cgxe_registry.obj
 0001:00007d30       _ssRegisterSymbolicDims    0000000180008d30 f   LabB_CheckCommunications_cgxe_registry.obj
 0001:00007dd0       _ssRegisterSymbolicDimsString 0000000180008dd0 f   LabB_CheckCommunications_cgxe_registry.obj
 0001:00007e50       _ssRegisterSymbolicDimsIntValue 0000000180008e50 f   LabB_CheckCommunications_cgxe_registry.obj
 0001:00007ec0       _ssRegisterSymbolicDimsPlus 0000000180008ec0 f   LabB_CheckCommunications_cgxe_registry.obj
 0001:00007f40       _ssRegisterSymbolicDimsMinus 0000000180008f40 f   LabB_CheckCommunications_cgxe_registry.obj
 0001:00007fc0       _ssRegisterSymbolicDimsMultiply 0000000180008fc0 f   LabB_CheckCommunications_cgxe_registry.obj
 0001:00008040       _ssRegisterSymbolicDimsDivide 0000000180009040 f   LabB_CheckCommunications_cgxe_registry.obj
 0001:000080c0       _ssGetNumSymbolicDims      00000001800090c0 f   LabB_CheckCommunications_cgxe_registry.obj
 0001:00008130       _ssGetSymbolicDim          0000000180009130 f   LabB_CheckCommunications_cgxe_registry.obj
 0001:000081b0       _ssSetInputPortSymbolicDimsId 00000001800091b0 f   LabB_CheckCommunications_cgxe_registry.obj
 0001:00008220       _ssGetCompInputPortSymbolicDimsId 0000000180009220 f   LabB_CheckCommunications_cgxe_registry.obj
 0001:00008290       _ssSetCompInputPortSymbolicDimsId 0000000180009290 f   LabB_CheckCommunications_cgxe_registry.obj
 0001:00008300       _ssSetOutputPortSymbolicDimsId 0000000180009300 f   LabB_CheckCommunications_cgxe_registry.obj
 0001:00008370       _ssGetCompOutputPortSymbolicDimsId 0000000180009370 f   LabB_CheckCommunications_cgxe_registry.obj
 0001:000083e0       _ssSetCompOutputPortSymbolicDimsId 00000001800093e0 f   LabB_CheckCommunications_cgxe_registry.obj
 0001:00008450       _ssSetCompDWorkSymbolicDimsId 0000000180009450 f   LabB_CheckCommunications_cgxe_registry.obj
 0001:00009ef0       __local_stdio_printf_options 000000018000aef0 f i LabB_CheckCommunications_cgxe_registry.obj
 0001:00009f00       _vsnprintf_l               000000018000af00 f i LabB_CheckCommunications_cgxe_registry.obj
 0001:00009f80       _vsprintf_l                000000018000af80 f i LabB_CheckCommunications_cgxe_registry.obj
 0001:00009fd0       sprintf                    000000018000afd0 f i LabB_CheckCommunications_cgxe_registry.obj
 0001:0000a01f       mxSetCell_800              000000018000b01f f   libmx:libmx.dll
 0001:0000a025       mxSetFieldByNumber_800     000000018000b025 f   libmx:libmx.dll
 0001:0000a02b       mxCreateString_800         000000018000b02b f   libmx:libmx.dll
 0001:0000a031       mxCreateCellMatrix_800     000000018000b031 f   libmx:libmx.dll
 0001:0000a037       mxCreateStructMatrix_800   000000018000b037 f   libmx:libmx.dll
 0001:0000a03d       mxCalloc_800               000000018000b03d f   libmx:libmx.dll
 0001:0000a043       mxGetM_800                 000000018000b043 f   libmx:libmx.dll
 0001:0000a049       mxGetClassID_800           000000018000b049 f   libmx:libmx.dll
 0001:0000a04f       mxGetData_800              000000018000b04f f   libmx:libmx.dll
 0001:0000a055       mxIsNumeric_800            000000018000b055 f   libmx:libmx.dll
 0001:0000a05b       mxIsChar_800               000000018000b05b f   libmx:libmx.dll
 0001:0000a061       mxIsComplex_800            000000018000b061 f   libmx:libmx.dll
 0001:0000a067       mxGetN_800                 000000018000b067 f   libmx:libmx.dll
 0001:0000a06d       mxGetPr_800                000000018000b06d f   libmx:libmx.dll
 0001:0000a073       mxSetField_800             000000018000b073 f   libmx:libmx.dll
 0001:0000a079       mxCreateNumericMatrix_800  000000018000b079 f   libmx:libmx.dll
 0001:0000a07f       mxCreateDoubleMatrix_800   000000018000b07f f   libmx:libmx.dll
 0001:0000a085       mxCreateDoubleScalar_800   000000018000b085 f   libmx:libmx.dll
 0001:0000a08b       mxGetString_800            000000018000b08b f   libmx:libmx.dll
 0001:0000a091       mexWarnMsgTxt_800          000000018000b091 f   libmex:libmex.dll
 0001:0000a097       mexPrintf_800              000000018000b097 f   libmex:libmex.dll
 0001:0000a09d       mexCallMATLAB_800          000000018000b09d f   libmex:libmex.dll
 0001:0000a0a3       mexUnlock_800              000000018000b0a3 f   libmex:libmex.dll
 0001:0000a0a9       mexIsLocked_800            000000018000b0a9 f   libmex:libmex.dll
 0001:0000a0af       emlrtAlias                 000000018000b0af f   libemlrt:libemlrt.dll
 0001:0000a0b5       emlrtAssign                000000018000b0b5 f   libemlrt:libemlrt.dll
 0001:0000a0bb       emlrtCreateStructMatrix    000000018000b0bb f   libemlrt:libemlrt.dll
 0001:0000a0c1       emlrtGetFieldR2017b        000000018000b0c1 f   libemlrt:libemlrt.dll
 0001:0000a0c7       emlrtSetFieldR2017b        000000018000b0c7 f   libemlrt:libemlrt.dll
 0001:0000a0cd       emlrtCreateCellMatrix      000000018000b0cd f   libemlrt:libemlrt.dll
 0001:0000a0d3       emlrtSetCell               000000018000b0d3 f   libemlrt:libemlrt.dll
 0001:0000a0d9       emlrtGetCell               000000018000b0d9 f   libemlrt:libemlrt.dll
 0001:0000a0df       emlrtCreateNumericMatrix   000000018000b0df f   libemlrt:libemlrt.dll
 0001:0000a0e5       emlrtCreateLogicalScalar   000000018000b0e5 f   libemlrt:libemlrt.dll
 0001:0000a0eb       emlrtCreateCharArray       000000018000b0eb f   libemlrt:libemlrt.dll
 0001:0000a0f1       emlrtDestroyArray          000000018000b0f1 f   libemlrt:libemlrt.dll
 0001:0000a0f7       emlrtCallMATLABR2012b      000000018000b0f7 f   libemlrt:libemlrt.dll
 0001:0000a0fd       emlrtInitCharArrayR2013a   000000018000b0fd f   libemlrt:libemlrt.dll
 0001:0000a103       emlrtCheckBuiltInR2012b    000000018000b103 f   libemlrt:libemlrt.dll
 0001:0000a109       emlrtCheckStructR2012b     000000018000b109 f   libemlrt:libemlrt.dll
 0001:0000a10f       emlrtMxGetData             000000018000b10f f   libemlrt:libemlrt.dll
 0001:0000a115       emlrtMxGetLogicals         000000018000b115 f   libemlrt:libemlrt.dll
 0001:0000a11b       cgxertGetOutputPortSignal  000000018000b11b f   libmwcgxert:libmwcgxert.dll
 0001:0000a121       cgxertGetRuntimeInstance   000000018000b121 f   libmwcgxert:libmwcgxert.dll
 0001:0000a127       cgxertSetRuntimeInstance   000000018000b127 f   libmwcgxert:libmwcgxert.dll
 0001:0000a12d       cgxertGetEMLRTCtx          000000018000b12d f   libmwcgxert:libmwcgxert.dll
 0001:0000a133       cgxertGetCovrtInstance     000000018000b133 f   libmwcgxert:libmwcgxert.dll
 0001:0000a139       cgxertSetGcb               000000018000b139 f   libmwcgxert:libmwcgxert.dll
 0001:0000a13f       cgxertRestoreGcb           000000018000b13f f   libmwcgxert:libmwcgxert.dll
 0001:0000a145       covrtAllocateInstanceData  000000018000b145 f   libcovrt:libcovrt.dll
 0001:0000a14b       covrtFreeInstanceData      000000018000b14b f   libcovrt:libcovrt.dll
 0001:0000a151       covrtScriptStart           000000018000b151 f   libcovrt:libcovrt.dll
 0001:0000a157       covrtScriptInit            000000018000b157 f   libcovrt:libcovrt.dll
 0001:0000a15d       covrtFcnInit               000000018000b15d f   libcovrt:libcovrt.dll
 0001:0000a163       covrtBasicBlockInit        000000018000b163 f   libcovrt:libcovrt.dll
 0001:0000a169       covrtIfInit                000000018000b169 f   libcovrt:libcovrt.dll
 0001:0000a16f       covrtLogFcn                000000018000b16f f   libcovrt:libcovrt.dll
 0001:0000a175       covrtLogBasicBlock         000000018000b175 f   libcovrt:libcovrt.dll
 0001:0000a17b       covrtLogIf                 000000018000b17b f   libcovrt:libcovrt.dll
 0001:0000a184       __GSHandlerCheck           000000018000b184 f   MSVCRT:gshandler.obj
 0001:0000a1a4       __GSHandlerCheckCommon     000000018000b1a4 f   MSVCRT:gshandler.obj
 0001:0000a210       __security_check_cookie    000000018000b210 f   MSVCRT:amdsecgs.obj
 0001:0000a234       __raise_securityfailure    000000018000b234 f   MSVCRT:gs_report.obj
 0001:0000a268       __report_gsfailure         000000018000b268 f   MSVCRT:gs_report.obj
 0001:0000a33c       __report_rangecheckfailure 000000018000b33c f   MSVCRT:gs_report.obj
 0001:0000a350       __report_securityfailure   000000018000b350 f   MSVCRT:gs_report.obj
 0001:0000a3ec       __report_securityfailureEx 000000018000b3ec f   MSVCRT:gs_report.obj
 0001:0000a91c       _CRT_INIT                  000000018000b91c f   MSVCRT:dll_dllmain.obj
 0001:0000a924       _DllMainCRTStartup         000000018000b924 f   MSVCRT:dll_dllmain.obj
 0001:0000a9d0       __security_init_cookie     000000018000b9d0 f   MSVCRT:gs_support.obj
 0001:0000aa7c       DllMain                    000000018000ba7c f   MSVCRT:dll_dllmain_stub.obj
 0001:0000aaa0       ?__scrt_initialize_type_info@@YAXXZ 000000018000baa0 f   MSVCRT:tncleanup.obj
 0001:0000aab0       ?__scrt_uninitialize_type_info@@YAXXZ 000000018000bab0 f   MSVCRT:tncleanup.obj
 0001:0000aabc       __local_stdio_scanf_options 000000018000babc f i MSVCRT:default_local_stdio_options.obj
 0001:0000aac4       __scrt_initialize_default_local_stdio_options 000000018000bac4 f   MSVCRT:default_local_stdio_options.obj
 0001:0000aae0       ?configure_argv@__scrt_narrow_argv_policy@@SAHXZ 000000018000bae0 f i MSVCRT:utility.obj
 0001:0000ab40       ?initialize_environment@__scrt_narrow_environment_policy@@SAHXZ 000000018000bb40 f i MSVCRT:utility.obj
 0001:0000ab78       NtCurrentTeb               000000018000bb78 f i MSVCRT:utility.obj
 0001:0000ab84       __scrt_acquire_startup_lock 000000018000bb84 f   MSVCRT:utility.obj
 0001:0000abc0       __scrt_dllmain_after_initialize_c 000000018000bbc0 f   MSVCRT:utility.obj
 0001:0000abf4       __scrt_dllmain_before_initialize_c 000000018000bbf4 f   MSVCRT:utility.obj
 0001:0000ac0c       __scrt_dllmain_crt_thread_attach 000000018000bc0c f   MSVCRT:utility.obj
 0001:0000ac34       __scrt_dllmain_crt_thread_detach 000000018000bc34 f   MSVCRT:utility.obj
 0001:0000ac4c       __scrt_dllmain_exception_filter 000000018000bc4c f   MSVCRT:utility.obj
 0001:0000acac       __scrt_dllmain_uninitialize_c 000000018000bcac f   MSVCRT:utility.obj
 0001:0000acdc       __scrt_dllmain_uninitialize_critical 000000018000bcdc f   MSVCRT:utility.obj
 0001:0000acf0       __scrt_initialize_crt      000000018000bcf0 f   MSVCRT:utility.obj
 0001:0000ad3c       __scrt_initialize_onexit_tables 000000018000bd3c f   MSVCRT:utility.obj
 0001:0000adc8       __scrt_is_nonwritable_in_current_image 000000018000bdc8 f   MSVCRT:utility.obj
 0001:0000ae60       __scrt_release_startup_lock 000000018000be60 f   MSVCRT:utility.obj
 0001:0000ae84       __scrt_uninitialize_crt    000000018000be84 f   MSVCRT:utility.obj
 0001:0000aeb0       _onexit                    000000018000beb0 f   MSVCRT:utility.obj
 0001:0000aeec       at_quick_exit              000000018000beec f   MSVCRT:utility.obj
 0001:0000af0c       atexit                     000000018000bf0c f   MSVCRT:utility.obj
 0001:0000af24       __scrt_get_dyn_tls_init_callback 000000018000bf24 f   MSVCRT:dyn_tls_init.obj
 0001:0000af2c       __crt_debugger_hook        000000018000bf2c f   MSVCRT:utility_desktop.obj
 0001:0000af34       __scrt_fastfail            000000018000bf34 f   MSVCRT:utility_desktop.obj
 0001:0000b080       __scrt_get_show_window_mode 000000018000c080 f   MSVCRT:utility_desktop.obj
 0001:0000b0bc       __scrt_initialize_mta      000000018000c0bc f   MSVCRT:utility_desktop.obj
 0001:0000b0c4       __scrt_initialize_winrt    000000018000c0c4 f   MSVCRT:utility_desktop.obj
 0001:0000b0c8       __scrt_is_managed_app      000000018000c0c8 f   MSVCRT:utility_desktop.obj
 0001:0000b11c       __scrt_set_unhandled_exception_filter 000000018000c11c f   MSVCRT:utility_desktop.obj
 0001:0000b12c       __scrt_stub_for_initialize_mta 000000018000c12c f   MSVCRT:utility_desktop.obj
 0001:0000b12c       __scrt_exe_initialize_mta  000000018000c12c f   MSVCRT:utility_desktop.obj
 0001:0000b130       __scrt_unhandled_exception_filter 000000018000c130 f   MSVCRT:utility_desktop.obj
 0001:0000b18c       _RTC_Initialize            000000018000c18c f   MSVCRT:initsect.obj
 0001:0000b1c8       _RTC_Terminate             000000018000c1c8 f   MSVCRT:initsect.obj
 0001:0000b204       _guard_check_icall_nop     000000018000c204 f i MSVCRT:guard_support.obj
 0001:0000b208       ReadNoFence64              000000018000c208 f i MSVCRT:guard_support.obj
 0001:0000b20c       ReadPointerNoFence         000000018000c20c f i MSVCRT:guard_support.obj
 0001:0000b210       __castguard_check_failure_debugbreak 000000018000c210 f i MSVCRT:guard_support.obj
 0001:0000b22c       __castguard_check_failure_fastfail 000000018000c22c f i MSVCRT:guard_support.obj
 0001:0000b250       __castguard_check_failure_nop 000000018000c250 f i MSVCRT:guard_support.obj
 0001:0000b254       __castguard_check_failure_os_handled 000000018000c254 f i MSVCRT:guard_support.obj
 0001:0000b2b4       __castguard_slow_path_check_debugbreak 000000018000c2b4 f i MSVCRT:guard_support.obj
 0001:0000b2e8       __castguard_slow_path_check_fastfail 000000018000c2e8 f i MSVCRT:guard_support.obj
 0001:0000b324       __castguard_slow_path_check_nop 000000018000c324 f i MSVCRT:guard_support.obj
 0001:0000b328       __castguard_slow_path_check_os_handled 000000018000c328 f i MSVCRT:guard_support.obj
 0001:0000b39c       _guard_icall_checks_enforced 000000018000c39c f i MSVCRT:guard_support.obj
 0001:0000b3b4       _guard_rf_checks_enforced  000000018000c3b4 f i MSVCRT:guard_support.obj
 0001:0000b3b8       __isa_available_init       000000018000c3b8 f   MSVCRT:cpu_disp.obj
 0001:0000b55c       _get_startup_argv_mode     000000018000c55c f   MSVCRT:argv_mode.obj
 0001:0000b564       __scrt_is_ucrt_dll_in_use  000000018000c564 f   MSVCRT:ucrt_detection.obj
 0001:0000b570       RtlCaptureContext          000000018000c570 f   kernel32:KERNEL32.dll
 0001:0000b576       RtlLookupFunctionEntry     000000018000c576 f   kernel32:KERNEL32.dll
 0001:0000b57c       RtlVirtualUnwind           000000018000c57c f   kernel32:KERNEL32.dll
 0001:0000b582       UnhandledExceptionFilter   000000018000c582 f   kernel32:KERNEL32.dll
 0001:0000b588       SetUnhandledExceptionFilter 000000018000c588 f   kernel32:KERNEL32.dll
 0001:0000b58e       GetCurrentProcess          000000018000c58e f   kernel32:KERNEL32.dll
 0001:0000b594       TerminateProcess           000000018000c594 f   kernel32:KERNEL32.dll
 0001:0000b59a       IsProcessorFeaturePresent  000000018000c59a f   kernel32:KERNEL32.dll
 0001:0000b5a0       QueryPerformanceCounter    000000018000c5a0 f   kernel32:KERNEL32.dll
 0001:0000b5a6       GetCurrentProcessId        000000018000c5a6 f   kernel32:KERNEL32.dll
 0001:0000b5ac       GetCurrentThreadId         000000018000c5ac f   kernel32:KERNEL32.dll
 0001:0000b5b2       GetSystemTimeAsFileTime    000000018000c5b2 f   kernel32:KERNEL32.dll
 0001:0000b5b8       DisableThreadLibraryCalls  000000018000c5b8 f   kernel32:KERNEL32.dll
 0001:0000b5be       InitializeSListHead        000000018000c5be f   kernel32:KERNEL32.dll
 0001:0000b5c4       IsDebuggerPresent          000000018000c5c4 f   kernel32:KERNEL32.dll
 0001:0000b5ca       GetStartupInfoW            000000018000c5ca f   kernel32:KERNEL32.dll
 0001:0000b5d0       GetModuleHandleW           000000018000c5d0 f   kernel32:KERNEL32.dll
 0001:0000b5d6       memcpy                     000000018000c5d6 f   vcruntime:VCRUNTIME140.dll
 0001:0000b5dc       __C_specific_handler       000000018000c5dc f   vcruntime:VCRUNTIME140.dll
 0001:0000b5e2       __std_type_info_destroy_list 000000018000c5e2 f   vcruntime:VCRUNTIME140.dll
 0001:0000b5e8       __current_exception        000000018000c5e8 f   vcruntime:VCRUNTIME140.dll
 0001:0000b5ee       __current_exception_context 000000018000c5ee f   vcruntime:VCRUNTIME140.dll
 0001:0000b5f4       memset                     000000018000c5f4 f   vcruntime:VCRUNTIME140.dll
 0001:0000b5fa       calloc                     000000018000c5fa f   ucrt:api-ms-win-crt-heap-l1-1-0.dll
 0001:0000b600       free                       000000018000c600 f   ucrt:api-ms-win-crt-heap-l1-1-0.dll
 0001:0000b606       strcmp                     000000018000c606 f   ucrt:api-ms-win-crt-string-l1-1-0.dll
 0001:0000b60c       strlen                     000000018000c60c f   ucrt:api-ms-win-crt-string-l1-1-0.dll
 0001:0000b612       __stdio_common_vsprintf    000000018000c612 f   ucrt:api-ms-win-crt-stdio-l1-1-0.dll
 0001:0000b618       malloc                     000000018000c618 f   ucrt:api-ms-win-crt-heap-l1-1-0.dll
 0001:0000b61e       _initterm                  000000018000c61e f   ucrt:api-ms-win-crt-runtime-l1-1-0.dll
 0001:0000b624       _initterm_e                000000018000c624 f   ucrt:api-ms-win-crt-runtime-l1-1-0.dll
 0001:0000b62a       _seh_filter_dll            000000018000c62a f   ucrt:api-ms-win-crt-runtime-l1-1-0.dll
 0001:0000b630       _configure_narrow_argv     000000018000c630 f   ucrt:api-ms-win-crt-runtime-l1-1-0.dll
 0001:0000b636       _initialize_narrow_environment 000000018000c636 f   ucrt:api-ms-win-crt-runtime-l1-1-0.dll
 0001:0000b63c       _initialize_onexit_table   000000018000c63c f   ucrt:api-ms-win-crt-runtime-l1-1-0.dll
 0001:0000b642       _register_onexit_function  000000018000c642 f   ucrt:api-ms-win-crt-runtime-l1-1-0.dll
 0001:0000b648       _execute_onexit_table      000000018000c648 f   ucrt:api-ms-win-crt-runtime-l1-1-0.dll
 0001:0000b64e       _crt_atexit                000000018000c64e f   ucrt:api-ms-win-crt-runtime-l1-1-0.dll
 0001:0000b654       _crt_at_quick_exit         000000018000c654 f   ucrt:api-ms-win-crt-runtime-l1-1-0.dll
 0001:0000b65a       _cexit                     000000018000c65a f   ucrt:api-ms-win-crt-runtime-l1-1-0.dll
 0001:0000b660       terminate                  000000018000c660 f   ucrt:api-ms-win-crt-runtime-l1-1-0.dll
 0001:0000b668       __vcrt_initialize          000000018000c668 f   MSVCRT:ucrt_stubs.obj
 0001:0000b668       __scrt_stub_for_acrt_initialize 000000018000c668 f   MSVCRT:ucrt_stubs.obj
 0001:0000b668       __acrt_initialize          000000018000c668 f   MSVCRT:ucrt_stubs.obj
 0001:0000b66c       __vcrt_thread_attach       000000018000c66c f   MSVCRT:ucrt_stubs.obj
 0001:0000b66c       __acrt_thread_attach       000000018000c66c f   MSVCRT:ucrt_stubs.obj
 0001:0000b66c       __scrt_stub_for_acrt_thread_attach 000000018000c66c f   MSVCRT:ucrt_stubs.obj
 0001:0000b670       __vcrt_thread_detach       000000018000c670 f   MSVCRT:ucrt_stubs.obj
 0001:0000b670       __acrt_thread_detach       000000018000c670 f   MSVCRT:ucrt_stubs.obj
 0001:0000b670       __scrt_stub_for_acrt_thread_detach 000000018000c670 f   MSVCRT:ucrt_stubs.obj
 0001:0000b674       __acrt_uninitialize        000000018000c674 f   MSVCRT:ucrt_stubs.obj
 0001:0000b674       __scrt_stub_for_acrt_uninitialize 000000018000c674 f   MSVCRT:ucrt_stubs.obj
 0001:0000b674       __vcrt_uninitialize        000000018000c674 f   MSVCRT:ucrt_stubs.obj
 0001:0000b678       __scrt_stub_for_acrt_uninitialize_critical 000000018000c678 f   MSVCRT:ucrt_stubs.obj
 0001:0000b678       __vcrt_uninitialize_critical 000000018000c678 f   MSVCRT:ucrt_stubs.obj
 0001:0000b678       __acrt_uninitialize_critical 000000018000c678 f   MSVCRT:ucrt_stubs.obj
 0001:0000b67c       __scrt_stub_for_is_c_termination_complete 000000018000c67c f   MSVCRT:ucrt_stubs.obj
 0001:0000b67c       _is_c_termination_complete 000000018000c67c f   MSVCRT:ucrt_stubs.obj
 0001:0000b690       _guard_dispatch_icall_nop  000000018000c690 f   MSVCRT:guard_dispatch.obj
 0001:0000b6b0       _guard_xfg_dispatch_icall_nop 000000018000c6b0 f   MSVCRT:guard_xfg_dispatch.obj
 0002:00000000       __imp_RtlCaptureContext    000000018000d000     kernel32:KERNEL32.dll
 0002:00000008       __imp_RtlLookupFunctionEntry 000000018000d008     kernel32:KERNEL32.dll
 0002:00000010       __imp_RtlVirtualUnwind     000000018000d010     kernel32:KERNEL32.dll
 0002:00000018       __imp_UnhandledExceptionFilter 000000018000d018     kernel32:KERNEL32.dll
 0002:00000020       __imp_SetUnhandledExceptionFilter 000000018000d020     kernel32:KERNEL32.dll
 0002:00000028       __imp_GetCurrentProcess    000000018000d028     kernel32:KERNEL32.dll
 0002:00000030       __imp_TerminateProcess     000000018000d030     kernel32:KERNEL32.dll
 0002:00000038       __imp_IsProcessorFeaturePresent 000000018000d038     kernel32:KERNEL32.dll
 0002:00000040       __imp_QueryPerformanceCounter 000000018000d040     kernel32:KERNEL32.dll
 0002:00000048       __imp_GetCurrentProcessId  000000018000d048     kernel32:KERNEL32.dll
 0002:00000050       __imp_GetCurrentThreadId   000000018000d050     kernel32:KERNEL32.dll
 0002:00000058       __imp_GetSystemTimeAsFileTime 000000018000d058     kernel32:KERNEL32.dll
 0002:00000060       __imp_DisableThreadLibraryCalls 000000018000d060     kernel32:KERNEL32.dll
 0002:00000068       __imp_InitializeSListHead  000000018000d068     kernel32:KERNEL32.dll
 0002:00000070       __imp_IsDebuggerPresent    000000018000d070     kernel32:KERNEL32.dll
 0002:00000078       __imp_GetStartupInfoW      000000018000d078     kernel32:KERNEL32.dll
 0002:00000080       __imp_GetModuleHandleW     000000018000d080     kernel32:KERNEL32.dll
 0002:00000088       \177KERNEL32_NULL_THUNK_DATA 000000018000d088     kernel32:KERNEL32.dll
 0002:00000090       __imp_memcpy               000000018000d090     vcruntime:VCRUNTIME140.dll
 0002:00000098       __imp___C_specific_handler 000000018000d098     vcruntime:VCRUNTIME140.dll
 0002:000000a0       __imp___std_type_info_destroy_list 000000018000d0a0     vcruntime:VCRUNTIME140.dll
 0002:000000a8       __imp___current_exception  000000018000d0a8     vcruntime:VCRUNTIME140.dll
 0002:000000b0       __imp___current_exception_context 000000018000d0b0     vcruntime:VCRUNTIME140.dll
 0002:000000b8       __imp_memset               000000018000d0b8     vcruntime:VCRUNTIME140.dll
 0002:000000c0       \177VCRUNTIME140_NULL_THUNK_DATA 000000018000d0c0     vcruntime:VCRUNTIME140.dll
 0002:000000c8       __imp_free                 000000018000d0c8     ucrt:api-ms-win-crt-heap-l1-1-0.dll
 0002:000000d0       __imp_malloc               000000018000d0d0     ucrt:api-ms-win-crt-heap-l1-1-0.dll
 0002:000000d8       __imp_calloc               000000018000d0d8     ucrt:api-ms-win-crt-heap-l1-1-0.dll
 0002:000000e0       \177api-ms-win-crt-heap-l1-1-0_NULL_THUNK_DATA 000000018000d0e0     ucrt:api-ms-win-crt-heap-l1-1-0.dll
 0002:000000e8       __imp__cexit               000000018000d0e8     ucrt:api-ms-win-crt-runtime-l1-1-0.dll
 0002:000000f0       __imp_terminate            000000018000d0f0     ucrt:api-ms-win-crt-runtime-l1-1-0.dll
 0002:000000f8       __imp__initterm            000000018000d0f8     ucrt:api-ms-win-crt-runtime-l1-1-0.dll
 0002:00000100       __imp__initterm_e          000000018000d100     ucrt:api-ms-win-crt-runtime-l1-1-0.dll
 0002:00000108       __imp__seh_filter_dll      000000018000d108     ucrt:api-ms-win-crt-runtime-l1-1-0.dll
 0002:00000110       __imp__configure_narrow_argv 000000018000d110     ucrt:api-ms-win-crt-runtime-l1-1-0.dll
 0002:00000118       __imp__initialize_narrow_environment 000000018000d118     ucrt:api-ms-win-crt-runtime-l1-1-0.dll
 0002:00000120       __imp__initialize_onexit_table 000000018000d120     ucrt:api-ms-win-crt-runtime-l1-1-0.dll
 0002:00000128       __imp__register_onexit_function 000000018000d128     ucrt:api-ms-win-crt-runtime-l1-1-0.dll
 0002:00000130       __imp__execute_onexit_table 000000018000d130     ucrt:api-ms-win-crt-runtime-l1-1-0.dll
 0002:00000138       __imp__crt_atexit          000000018000d138     ucrt:api-ms-win-crt-runtime-l1-1-0.dll
 0002:00000140       __imp__crt_at_quick_exit   000000018000d140     ucrt:api-ms-win-crt-runtime-l1-1-0.dll
 0002:00000148       \177api-ms-win-crt-runtime-l1-1-0_NULL_THUNK_DATA 000000018000d148     ucrt:api-ms-win-crt-runtime-l1-1-0.dll
 0002:00000150       __imp___stdio_common_vsprintf 000000018000d150     ucrt:api-ms-win-crt-stdio-l1-1-0.dll
 0002:00000158       \177api-ms-win-crt-stdio-l1-1-0_NULL_THUNK_DATA 000000018000d158     ucrt:api-ms-win-crt-stdio-l1-1-0.dll
 0002:00000160       __imp_strcmp               000000018000d160     ucrt:api-ms-win-crt-string-l1-1-0.dll
 0002:00000168       __imp_strlen               000000018000d168     ucrt:api-ms-win-crt-string-l1-1-0.dll
 0002:00000170       \177api-ms-win-crt-string-l1-1-0_NULL_THUNK_DATA 000000018000d170     ucrt:api-ms-win-crt-string-l1-1-0.dll
 0002:00000178       __imp_covrtLogIf           000000018000d178     libcovrt:libcovrt.dll
 0002:00000180       __imp_covrtLogBasicBlock   000000018000d180     libcovrt:libcovrt.dll
 0002:00000188       __imp_covrtLogFcn          000000018000d188     libcovrt:libcovrt.dll
 0002:00000190       __imp_covrtIfInit          000000018000d190     libcovrt:libcovrt.dll
 0002:00000198       __imp_covrtBasicBlockInit  000000018000d198     libcovrt:libcovrt.dll
 0002:000001a0       __imp_covrtFcnInit         000000018000d1a0     libcovrt:libcovrt.dll
 0002:000001a8       __imp_covrtAllocateInstanceData 000000018000d1a8     libcovrt:libcovrt.dll
 0002:000001b0       __imp_covrtFreeInstanceData 000000018000d1b0     libcovrt:libcovrt.dll
 0002:000001b8       __imp_covrtScriptStart     000000018000d1b8     libcovrt:libcovrt.dll
 0002:000001c0       __imp_covrtScriptInit      000000018000d1c0     libcovrt:libcovrt.dll
 0002:000001c8       \177libcovrt_NULL_THUNK_DATA 000000018000d1c8     libcovrt:libcovrt.dll
 0002:000001d0       __imp_emlrtCreateStructMatrix 000000018000d1d0     libemlrt:libemlrt.dll
 0002:000001d8       __imp_emlrtGetFieldR2017b  000000018000d1d8     libemlrt:libemlrt.dll
 0002:000001e0       __imp_emlrtSetFieldR2017b  000000018000d1e0     libemlrt:libemlrt.dll
 0002:000001e8       __imp_emlrtCreateCellMatrix 000000018000d1e8     libemlrt:libemlrt.dll
 0002:000001f0       __imp_emlrtAssign          000000018000d1f0     libemlrt:libemlrt.dll
 0002:000001f8       __imp_emlrtAlias           000000018000d1f8     libemlrt:libemlrt.dll
 0002:00000200       __imp_emlrtSetCell         000000018000d200     libemlrt:libemlrt.dll
 0002:00000208       __imp_emlrtGetCell         000000018000d208     libemlrt:libemlrt.dll
 0002:00000210       __imp_emlrtCreateNumericMatrix 000000018000d210     libemlrt:libemlrt.dll
 0002:00000218       __imp_emlrtMxGetLogicals   000000018000d218     libemlrt:libemlrt.dll
 0002:00000220       __imp_emlrtMxGetData       000000018000d220     libemlrt:libemlrt.dll
 0002:00000228       __imp_emlrtCheckStructR2012b 000000018000d228     libemlrt:libemlrt.dll
 0002:00000230       __imp_emlrtCheckBuiltInR2012b 000000018000d230     libemlrt:libemlrt.dll
 0002:00000238       __imp_emlrtInitCharArrayR2013a 000000018000d238     libemlrt:libemlrt.dll
 0002:00000240       __imp_emlrtCallMATLABR2012b 000000018000d240     libemlrt:libemlrt.dll
 0002:00000248       __imp_emlrtDestroyArray    000000018000d248     libemlrt:libemlrt.dll
 0002:00000250       __imp_emlrtCreateCharArray 000000018000d250     libemlrt:libemlrt.dll
 0002:00000258       __imp_emlrtCreateLogicalScalar 000000018000d258     libemlrt:libemlrt.dll
 0002:00000260       \177libemlrt_NULL_THUNK_DATA 000000018000d260     libemlrt:libemlrt.dll
 0002:00000268       __imp_mexPrintf_800        000000018000d268     libmex:libmex.dll
 0002:00000270       __imp_mexCallMATLAB_800    000000018000d270     libmex:libmex.dll
 0002:00000278       __imp_mexUnlock_800        000000018000d278     libmex:libmex.dll
 0002:00000280       __imp_mexIsLocked_800      000000018000d280     libmex:libmex.dll
 0002:00000288       __imp_mexWarnMsgTxt_800    000000018000d288     libmex:libmex.dll
 0002:00000290       \177libmex_NULL_THUNK_DATA 000000018000d290     libmex:libmex.dll
 0002:00000298       __imp_cgxertGetOutputPortSignal 000000018000d298     libmwcgxert:libmwcgxert.dll
 0002:000002a0       __imp_cgxertGetCovrtInstance 000000018000d2a0     libmwcgxert:libmwcgxert.dll
 0002:000002a8       __imp_cgxertSetGcb         000000018000d2a8     libmwcgxert:libmwcgxert.dll
 0002:000002b0       __imp_cgxertGetEMLRTCtx    000000018000d2b0     libmwcgxert:libmwcgxert.dll
 0002:000002b8       __imp_cgxertSetRuntimeInstance 000000018000d2b8     libmwcgxert:libmwcgxert.dll
 0002:000002c0       __imp_cgxertGetRuntimeInstance 000000018000d2c0     libmwcgxert:libmwcgxert.dll
 0002:000002c8       __imp_cgxertRestoreGcb     000000018000d2c8     libmwcgxert:libmwcgxert.dll
 0002:000002d0       \177libmwcgxert_NULL_THUNK_DATA 000000018000d2d0     libmwcgxert:libmwcgxert.dll
 0002:000002d8       __imp_mxIsNumeric_800      000000018000d2d8     libmx:libmx.dll
 0002:000002e0       __imp_mxGetString_800      000000018000d2e0     libmx:libmx.dll
 0002:000002e8       __imp_mxCreateDoubleScalar_800 000000018000d2e8     libmx:libmx.dll
 0002:000002f0       __imp_mxCreateDoubleMatrix_800 000000018000d2f0     libmx:libmx.dll
 0002:000002f8       __imp_mxCreateNumericMatrix_800 000000018000d2f8     libmx:libmx.dll
 0002:00000300       __imp_mxSetField_800       000000018000d300     libmx:libmx.dll
 0002:00000308       __imp_mxGetPr_800          000000018000d308     libmx:libmx.dll
 0002:00000310       __imp_mxGetN_800           000000018000d310     libmx:libmx.dll
 0002:00000318       __imp_mxIsComplex_800      000000018000d318     libmx:libmx.dll
 0002:00000320       __imp_mxIsChar_800         000000018000d320     libmx:libmx.dll
 0002:00000328       __imp_mxSetCell_800        000000018000d328     libmx:libmx.dll
 0002:00000330       __imp_mxGetData_800        000000018000d330     libmx:libmx.dll
 0002:00000338       __imp_mxGetClassID_800     000000018000d338     libmx:libmx.dll
 0002:00000340       __imp_mxGetM_800           000000018000d340     libmx:libmx.dll
 0002:00000348       __imp_mxCalloc_800         000000018000d348     libmx:libmx.dll
 0002:00000350       __imp_mxCreateStructMatrix_800 000000018000d350     libmx:libmx.dll
 0002:00000358       __imp_mxCreateCellMatrix_800 000000018000d358     libmx:libmx.dll
 0002:00000360       __imp_mxCreateString_800   000000018000d360     libmx:libmx.dll
 0002:00000368       __imp_mxSetFieldByNumber_800 000000018000d368     libmx:libmx.dll
 0002:00000370       \177libmx_NULL_THUNK_DATA  000000018000d370     libmx:libmx.dll
 0002:00000378       __guard_check_icall_fptr   000000018000d378     MSVCRT:guard_support.obj
 0002:00000380       __guard_xfg_check_icall_fptr 000000018000d380     MSVCRT:guard_support.obj
 0002:00000388       __guard_dispatch_icall_fptr 000000018000d388     MSVCRT:guard_support.obj
 0002:00000390       __guard_xfg_dispatch_icall_fptr 000000018000d390     MSVCRT:guard_support.obj
 0002:00000398       __guard_xfg_table_dispatch_icall_fptr 000000018000d398     MSVCRT:guard_support.obj
 0002:000003a0       __xc_a                     000000018000d3a0     MSVCRT:initializers.obj
 0002:000003a8       __xc_z                     000000018000d3a8     MSVCRT:initializers.obj
 0002:000003b0       __xi_a                     000000018000d3b0     MSVCRT:initializers.obj
 0002:000003b8       __xi_z                     000000018000d3b8     MSVCRT:initializers.obj
 0002:000003c0       __xp_a                     000000018000d3c0     MSVCRT:initializers.obj
 0002:000003c8       __xp_z                     000000018000d3c8     MSVCRT:initializers.obj
 0002:000003d0       __xt_a                     000000018000d3d0     MSVCRT:initializers.obj
 0002:000003d8       __xt_z                     000000018000d3d8     MSVCRT:initializers.obj
 0002:00000438       DYNAMIC_DIMENSION_DEF      000000018000d438     LabB_CheckCommunications_cgxe_registry.obj
 0002:00000450       __real@0000000000000000    000000018000d450     LabB_CheckCommunications_cgxe_registry.obj
 0002:00000458       __real@4010000000000000    000000018000d458     LabB_CheckCommunications_cgxe_registry.obj
 0002:00000460       __real@41602cbca0000000    000000018000d460     LabB_CheckCommunications_cgxe_registry.obj
 0002:00000468       __real@419edd1f50000000    000000018000d468     LabB_CheckCommunications_cgxe_registry.obj
 0002:00000470       __real@41c2952c14800000    000000018000d470     LabB_CheckCommunications_cgxe_registry.obj
 0002:00000478       __real@41c34de4e9000000    000000018000d478     LabB_CheckCommunications_cgxe_registry.obj
 0002:00000480       __real@41c3940e49000000    000000018000d480     LabB_CheckCommunications_cgxe_registry.obj
 0002:00000488       __real@41d1dd7b05000000    000000018000d488     LabB_CheckCommunications_cgxe_registry.obj
 0002:00000490       __real@41d280185dc00000    000000018000d490     LabB_CheckCommunications_cgxe_registry.obj
 0002:00000498       __real@41d7a989d6000000    000000018000d498     LabB_CheckCommunications_cgxe_registry.obj
 0002:000004a0       __real@41da29e1d8800000    000000018000d4a0     LabB_CheckCommunications_cgxe_registry.obj
 0002:000004a8       __real@41daa95506c00000    000000018000d4a8     LabB_CheckCommunications_cgxe_registry.obj
 0002:000004b0       __real@41dc67f553c00000    000000018000d4b0     LabB_CheckCommunications_cgxe_registry.obj
 0002:000004b8       __real@41e13401bfc00000    000000018000d4b8     LabB_CheckCommunications_cgxe_registry.obj
 0002:000004c0       __real@41e2069ed9a00000    000000018000d4c0     LabB_CheckCommunications_cgxe_registry.obj
 0002:000004c8       __real@41e28d151c400000    000000018000d4c8     LabB_CheckCommunications_cgxe_registry.obj
 0002:000004d0       __real@41e3bd4150200000    000000018000d4d0     LabB_CheckCommunications_cgxe_registry.obj
 0002:000004d8       __real@41e5b0b712600000    000000018000d4d8     LabB_CheckCommunications_cgxe_registry.obj
 0002:000004e0       __real@41e9369e22200000    000000018000d4e0     LabB_CheckCommunications_cgxe_registry.obj
 0002:000004e8       __real@bff0000000000000    000000018000d4e8     LabB_CheckCommunications_cgxe_registry.obj
 0002:00000500       _pRawDllMain               000000018000d500     MSVCRT:dll_dllmain.obj
 0002:00000500       _pDefaultRawDllMain        000000018000d500     MSVCRT:dll_dllmain.obj
 0002:00000510       __xmm@ffffffffffffffffffffffffffffffff 000000018000d510     MSVCRT:utility.obj
 0002:00000540       _load_config_used          000000018000d540     MSVCRT:loadcfg.obj
 0002:00000680       __CastGuardVftablesStart   000000018000d680     MSVCRT:guard_support.obj
 0002:00000688       __CastGuardVftablesEnd     000000018000d688     MSVCRT:guard_support.obj
 0002:000008f0       __rtc_iaa                  000000018000d8f0     MSVCRT:initsect.obj
 0002:000008f8       __rtc_izz                  000000018000d8f8     MSVCRT:initsect.obj
 0002:00000900       __rtc_taa                  000000018000d900     MSVCRT:initsect.obj
 0002:00000908       __rtc_tzz                  000000018000d908     MSVCRT:initsect.obj
 0002:00001118       __IMPORT_DESCRIPTOR_libmx  000000018000e118     libmx:libmx.dll
 0002:0000112c       __IMPORT_DESCRIPTOR_libmex 000000018000e12c     libmex:libmex.dll
 0002:00001140       __IMPORT_DESCRIPTOR_libemlrt 000000018000e140     libemlrt:libemlrt.dll
 0002:00001154       __IMPORT_DESCRIPTOR_libmwcgxert 000000018000e154     libmwcgxert:libmwcgxert.dll
 0002:00001168       __IMPORT_DESCRIPTOR_libcovrt 000000018000e168     libcovrt:libcovrt.dll
 0002:0000117c       __IMPORT_DESCRIPTOR_KERNEL32 000000018000e17c     kernel32:KERNEL32.dll
 0002:00001190       __IMPORT_DESCRIPTOR_VCRUNTIME140 000000018000e190     vcruntime:VCRUNTIME140.dll
 0002:000011a4       __IMPORT_DESCRIPTOR_api-ms-win-crt-heap-l1-1-0 000000018000e1a4     ucrt:api-ms-win-crt-heap-l1-1-0.dll
 0002:000011b8       __IMPORT_DESCRIPTOR_api-ms-win-crt-string-l1-1-0 000000018000e1b8     ucrt:api-ms-win-crt-string-l1-1-0.dll
 0002:000011cc       __IMPORT_DESCRIPTOR_api-ms-win-crt-stdio-l1-1-0 000000018000e1cc     ucrt:api-ms-win-crt-stdio-l1-1-0.dll
 0002:000011e0       __IMPORT_DESCRIPTOR_api-ms-win-crt-runtime-l1-1-0 000000018000e1e0     ucrt:api-ms-win-crt-runtime-l1-1-0.dll
 0002:000011f4       __NULL_IMPORT_DESCRIPTOR   000000018000e1f4     libmx:libmx.dll
 0003:000006a0       DYNAMIC_DIMENSION          000000018000f6a0     LabB_CheckCommunications_cgxe_registry.obj
 0003:00002830       __security_cookie_complement 0000000180011830     MSVCRT:gs_cookie.obj
 0003:00002838       __security_cookie          0000000180011838     MSVCRT:gs_cookie.obj
 0003:00002840       _fltused                   0000000180011840     MSVCRT:fltused.obj
 0003:00002844       __scrt_native_dllmain_reason 0000000180011844     MSVCRT:utility.obj
 0003:00002848       __isa_available            0000000180011848     MSVCRT:cpu_disp.obj
 0003:0000284c       __isa_enabled              000000018001184c     MSVCRT:cpu_disp.obj
 0003:00002850       __memcpy_nt_iters          0000000180011850     MSVCRT:cpu_disp.obj
 0003:00002858       __memset_nt_iters          0000000180011858     MSVCRT:cpu_disp.obj
 0003:00002860       __scrt_ucrt_dll_is_in_use  0000000180011860     MSVCRT:ucrt_stubs.obj
 0003:00002e00       ?__type_info_root_node@@3U__type_info_node@@A 0000000180011e00     MSVCRT:tncleanup.obj
 0003:00002e10       ?_OptionsStorage@?1??__local_stdio_printf_options@@9@4_KA 0000000180011e10     MSVCRT:default_local_stdio_options.obj
 0003:00002e18       ?_OptionsStorage@?1??__local_stdio_scanf_options@@9@4_KA 0000000180011e18     MSVCRT:default_local_stdio_options.obj
 0003:00002e20       __scrt_current_native_startup_state 0000000180011e20     MSVCRT:utility.obj
 0003:00002e28       __scrt_native_startup_lock 0000000180011e28     MSVCRT:utility.obj
 0003:00002e68       __scrt_debugger_hook_flag  0000000180011e68     MSVCRT:utility_desktop.obj
 0003:00002e70       __castguard_check_failure_os_handled_fptr 0000000180011e70     MSVCRT:guard_support.obj
 0003:00002e78       __favor                    0000000180011e78     MSVCRT:cpu_disp.obj
 0003:00002e80       ?_OptionsStorage@?1??__local_stdio_printf_options@@9@9 0000000180011e80     <common>
 0003:00002e88       __dyn_tls_init_callback    0000000180011e88     <common>

 entry point at        0001:0000a924

 Static symbols

 0000:00000000       .debug$S                   0000000180000000     LabB_CheckCommunications_cgxe.exp
 0002:ffff3000       __guard_ehcont_?dllmain_dispatch@@YAHQEAUHINSTANCE__@@KQEAX@Z 0000000180000000     MSVCRT:dll_dllmain.obj
 0002:ffff3000       __guard_fids_?dllmain_dispatch@@YAHQEAUHINSTANCE__@@KQEAX@Z 0000000180000000     MSVCRT:dll_dllmain.obj
 0002:ffff3000       __guard_fids__             0000000180000000     MSVCRT:guard_support.obj
 0002:ffff3000       __guard_fids__             0000000180000000     MSVCRT:guard_support.obj
 0002:ffff3000       __guard_fids__guard_icall_checks_enforced 0000000180000000     MSVCRT:guard_support.obj
 0002:ffff3000       __guard_ehcont___scrt_is_nonwritable_in_current_image 0000000180000000     MSVCRT:utility.obj
 0002:ffff3000       __guard_fids___scrt_set_unhandled_exception_filter 0000000180000000     MSVCRT:utility_desktop.obj
 0000:00000000       .debug$S                   0000000180000000     vcruntime:VCRUNTIME140.dll
 0000:00000000       .debug$S                   0000000180000000     vcruntime:VCRUNTIME140.dll
 0000:00000000       .debug$S                   0000000180000000     vcruntime:VCRUNTIME140.dll
 0000:00000000       .debug$S                   0000000180000000     vcruntime:VCRUNTIME140.dll
 0000:00000000       .debug$S                   0000000180000000     vcruntime:VCRUNTIME140.dll
 0000:00000000       .debug$S                   0000000180000000     vcruntime:VCRUNTIME140.dll
 0000:00000000       .debug$S                   0000000180000000     ucrt:api-ms-win-crt-heap-l1-1-0.dll
 0000:00000000       .debug$S                   0000000180000000     ucrt:api-ms-win-crt-heap-l1-1-0.dll
 0000:00000000       .debug$S                   0000000180000000     ucrt:api-ms-win-crt-heap-l1-1-0.dll
 0000:00000000       .debug$S                   0000000180000000     ucrt:api-ms-win-crt-runtime-l1-1-0.dll
 0000:00000000       .debug$S                   0000000180000000     ucrt:api-ms-win-crt-runtime-l1-1-0.dll
 0000:00000000       .debug$S                   0000000180000000     ucrt:api-ms-win-crt-runtime-l1-1-0.dll
 0000:00000000       .debug$S                   0000000180000000     ucrt:api-ms-win-crt-runtime-l1-1-0.dll
 0000:00000000       .debug$S                   0000000180000000     ucrt:api-ms-win-crt-runtime-l1-1-0.dll
 0000:00000000       .debug$S                   0000000180000000     ucrt:api-ms-win-crt-runtime-l1-1-0.dll
 0000:00000000       .debug$S                   0000000180000000     ucrt:api-ms-win-crt-runtime-l1-1-0.dll
 0000:00000000       .debug$S                   0000000180000000     ucrt:api-ms-win-crt-runtime-l1-1-0.dll
 0000:00000000       .debug$S                   0000000180000000     ucrt:api-ms-win-crt-runtime-l1-1-0.dll
 0000:00000000       .debug$S                   0000000180000000     ucrt:api-ms-win-crt-runtime-l1-1-0.dll
 0000:00000000       .debug$S                   0000000180000000     ucrt:api-ms-win-crt-runtime-l1-1-0.dll
 0000:00000000       .debug$S                   0000000180000000     ucrt:api-ms-win-crt-runtime-l1-1-0.dll
 0000:00000000       .debug$S                   0000000180000000     ucrt:api-ms-win-crt-stdio-l1-1-0.dll
 0000:00000000       .debug$S                   0000000180000000     ucrt:api-ms-win-crt-string-l1-1-0.dll
 0000:00000000       .debug$S                   0000000180000000     ucrt:api-ms-win-crt-string-l1-1-0.dll
 0000:00000000       .debug$S                   0000000180000000     kernel32:KERNEL32.dll
 0000:00000000       .debug$S                   0000000180000000     kernel32:KERNEL32.dll
 0000:00000000       .debug$S                   0000000180000000     kernel32:KERNEL32.dll
 0000:00000000       .debug$S                   0000000180000000     kernel32:KERNEL32.dll
 0000:00000000       .debug$S                   0000000180000000     kernel32:KERNEL32.dll
 0000:00000000       .debug$S                   0000000180000000     kernel32:KERNEL32.dll
 0000:00000000       .debug$S                   0000000180000000     kernel32:KERNEL32.dll
 0000:00000000       .debug$S                   0000000180000000     kernel32:KERNEL32.dll
 0000:00000000       .debug$S                   0000000180000000     kernel32:KERNEL32.dll
 0000:00000000       .debug$S                   0000000180000000     kernel32:KERNEL32.dll
 0000:00000000       .debug$S                   0000000180000000     kernel32:KERNEL32.dll
 0000:00000000       .debug$S                   0000000180000000     kernel32:KERNEL32.dll
 0000:00000000       .debug$S                   0000000180000000     kernel32:KERNEL32.dll
 0000:00000000       .debug$S                   0000000180000000     kernel32:KERNEL32.dll
 0000:00000000       .debug$S                   0000000180000000     kernel32:KERNEL32.dll
 0000:00000000       .debug$S                   0000000180000000     kernel32:KERNEL32.dll
 0000:00000000       .debug$S                   0000000180000000     kernel32:KERNEL32.dll
 0000:00000000       .debug$S                   0000000180000000     libcovrt:libcovrt.dll
 0000:00000000       .debug$S                   0000000180000000     libcovrt:libcovrt.dll
 0000:00000000       .debug$S                   0000000180000000     libcovrt:libcovrt.dll
 0000:00000000       .debug$S                   0000000180000000     libcovrt:libcovrt.dll
 0000:00000000       .debug$S                   0000000180000000     libcovrt:libcovrt.dll
 0000:00000000       .debug$S                   0000000180000000     libcovrt:libcovrt.dll
 0000:00000000       .debug$S                   0000000180000000     libcovrt:libcovrt.dll
 0000:00000000       .debug$S                   0000000180000000     libcovrt:libcovrt.dll
 0000:00000000       .debug$S                   0000000180000000     libcovrt:libcovrt.dll
 0000:00000000       .debug$S                   0000000180000000     libcovrt:libcovrt.dll
 0000:00000000       .debug$S                   0000000180000000     libemlrt:libemlrt.dll
 0000:00000000       .debug$S                   0000000180000000     libemlrt:libemlrt.dll
 0000:00000000       .debug$S                   0000000180000000     libemlrt:libemlrt.dll
 0000:00000000       .debug$S                   0000000180000000     libemlrt:libemlrt.dll
 0000:00000000       .debug$S                   0000000180000000     libemlrt:libemlrt.dll
 0000:00000000       .debug$S                   0000000180000000     libemlrt:libemlrt.dll
 0000:00000000       .debug$S                   0000000180000000     libemlrt:libemlrt.dll
 0000:00000000       .debug$S                   0000000180000000     libemlrt:libemlrt.dll
 0000:00000000       .debug$S                   0000000180000000     libemlrt:libemlrt.dll
 0000:00000000       .debug$S                   0000000180000000     libemlrt:libemlrt.dll
 0000:00000000       .debug$S                   0000000180000000     libemlrt:libemlrt.dll
 0000:00000000       .debug$S                   0000000180000000     libemlrt:libemlrt.dll
 0000:00000000       .debug$S                   0000000180000000     libemlrt:libemlrt.dll
 0000:00000000       .debug$S                   0000000180000000     libemlrt:libemlrt.dll
 0000:00000000       .debug$S                   0000000180000000     libemlrt:libemlrt.dll
 0000:00000000       .debug$S                   0000000180000000     libemlrt:libemlrt.dll
 0000:00000000       .debug$S                   0000000180000000     libemlrt:libemlrt.dll
 0000:00000000       .debug$S                   0000000180000000     libemlrt:libemlrt.dll
 0000:00000000       .debug$S                   0000000180000000     libmex:libmex.dll
 0000:00000000       .debug$S                   0000000180000000     libmex:libmex.dll
 0000:00000000       .debug$S                   0000000180000000     libmex:libmex.dll
 0000:00000000       .debug$S                   0000000180000000     libmex:libmex.dll
 0000:00000000       .debug$S                   0000000180000000     libmex:libmex.dll
 0000:00000000       .debug$S                   0000000180000000     libmwcgxert:libmwcgxert.dll
 0000:00000000       .debug$S                   0000000180000000     libmwcgxert:libmwcgxert.dll
 0000:00000000       .debug$S                   0000000180000000     libmwcgxert:libmwcgxert.dll
 0000:00000000       .debug$S                   0000000180000000     libmwcgxert:libmwcgxert.dll
 0000:00000000       .debug$S                   0000000180000000     libmwcgxert:libmwcgxert.dll
 0000:00000000       .debug$S                   0000000180000000     libmwcgxert:libmwcgxert.dll
 0000:00000000       .debug$S                   0000000180000000     libmwcgxert:libmwcgxert.dll
 0000:00000000       .debug$S                   0000000180000000     libmx:libmx.dll
 0000:00000000       .debug$S                   0000000180000000     libmx:libmx.dll
 0000:00000000       .debug$S                   0000000180000000     libmx:libmx.dll
 0000:00000000       .debug$S                   0000000180000000     libmx:libmx.dll
 0000:00000000       .debug$S                   0000000180000000     libmx:libmx.dll
 0000:00000000       .debug$S                   0000000180000000     libmx:libmx.dll
 0000:00000000       .debug$S                   0000000180000000     libmx:libmx.dll
 0000:00000000       .debug$S                   0000000180000000     libmx:libmx.dll
 0000:00000000       .debug$S                   0000000180000000     libmx:libmx.dll
 0000:00000000       .debug$S                   0000000180000000     libmx:libmx.dll
 0000:00000000       .debug$S                   0000000180000000     libmx:libmx.dll
 0000:00000000       .debug$S                   0000000180000000     libmx:libmx.dll
 0000:00000000       .debug$S                   0000000180000000     libmx:libmx.dll
 0000:00000000       .debug$S                   0000000180000000     libmx:libmx.dll
 0000:00000000       .debug$S                   0000000180000000     libmx:libmx.dll
 0000:00000000       .debug$S                   0000000180000000     libmx:libmx.dll
 0000:00000000       .debug$S                   0000000180000000     libmx:libmx.dll
 0000:00000000       .debug$S                   0000000180000000     libmx:libmx.dll
 0000:00000000       .debug$S                   0000000180000000     libmx:libmx.dll
 0001:00000160       cgxe_mdl_start             0000000180001160 f   m_79H60AoriwQj1LzelpYjTG.obj
 0001:000001f0       cgxe_mdl_initialize        00000001800011f0 f   m_79H60AoriwQj1LzelpYjTG.obj
 0001:00000270       cgxe_mdl_outputs           0000000180001270 f   m_79H60AoriwQj1LzelpYjTG.obj
 0001:00000310       cgxe_mdl_update            0000000180001310 f   m_79H60AoriwQj1LzelpYjTG.obj
 0001:00000320       cgxe_mdl_enable            0000000180001320 f   m_79H60AoriwQj1LzelpYjTG.obj
 0001:00000330       cgxe_mdl_disable           0000000180001330 f   m_79H60AoriwQj1LzelpYjTG.obj
 0001:00000340       cgxe_mdl_terminate         0000000180001340 f   m_79H60AoriwQj1LzelpYjTG.obj
 0001:00000390       mw__internal__system__init__fcn 0000000180001390 f   m_79H60AoriwQj1LzelpYjTG.obj
 0001:00000770       mw__internal__system__terminate__fcn 0000000180001770 f   m_79H60AoriwQj1LzelpYjTG.obj
 0001:00000810       mw__internal__call__setup  0000000180001810 f   m_79H60AoriwQj1LzelpYjTG.obj
 0001:000008a0       soMPU6050Accel_soMPU6050Accel 00000001800018a0 f   m_79H60AoriwQj1LzelpYjTG.obj
 0001:00000960       SystemCore_setup           0000000180001960 f   m_79H60AoriwQj1LzelpYjTG.obj
 0001:00000c30       mw__internal__call__reset  0000000180001c30 f   m_79H60AoriwQj1LzelpYjTG.obj
 0001:00000f40       mw__internal__call__step   0000000180001f40 f   m_79H60AoriwQj1LzelpYjTG.obj
 0001:000013a0       emlrt_marshallOut          00000001800023a0 f   m_79H60AoriwQj1LzelpYjTG.obj
 0001:00001590       cgxe_mdl_get_sim_state     0000000180002590 f   m_79H60AoriwQj1LzelpYjTG.obj
 0001:000015d0       emlrt_marshallIn           00000001800025d0 f   m_79H60AoriwQj1LzelpYjTG.obj
 0001:000016c0       b_emlrt_marshallIn         00000001800026c0 f   m_79H60AoriwQj1LzelpYjTG.obj
 0001:00001790       c_emlrt_marshallIn         0000000180002790 f   m_79H60AoriwQj1LzelpYjTG.obj
 0001:00001960       d_emlrt_marshallIn         0000000180002960 f   m_79H60AoriwQj1LzelpYjTG.obj
 0001:000019b0       e_emlrt_marshallIn         00000001800029b0 f   m_79H60AoriwQj1LzelpYjTG.obj
 0001:00001a00       f_emlrt_marshallIn         0000000180002a00 f   m_79H60AoriwQj1LzelpYjTG.obj
 0001:00001a70       cgxe_mdl_set_sim_state     0000000180002a70 f   m_79H60AoriwQj1LzelpYjTG.obj
 0001:00001ae0       message                    0000000180002ae0 f   m_79H60AoriwQj1LzelpYjTG.obj
 0001:00001b70       getString                  0000000180002b70 f   m_79H60AoriwQj1LzelpYjTG.obj
 0001:00001be0       error                      0000000180002be0 f   m_79H60AoriwQj1LzelpYjTG.obj
 0001:00001c70       g_emlrt_marshallIn         0000000180002c70 f   m_79H60AoriwQj1LzelpYjTG.obj
 0001:00001cf0       h_emlrt_marshallIn         0000000180002cf0 f   m_79H60AoriwQj1LzelpYjTG.obj
 0001:00001d60       init_simulink_io_address   0000000180002d60 f   m_79H60AoriwQj1LzelpYjTG.obj
 0001:00001e00       mdlOutputs_79H60AoriwQj1LzelpYjTG 0000000180002e00 f   m_79H60AoriwQj1LzelpYjTG.obj
 0001:00001e40       mdlInitialize_79H60AoriwQj1LzelpYjTG 0000000180002e40 f   m_79H60AoriwQj1LzelpYjTG.obj
 0001:00001e70       mdlUpdate_79H60AoriwQj1LzelpYjTG 0000000180002e70 f   m_79H60AoriwQj1LzelpYjTG.obj
 0001:00001eb0       getSimState_79H60AoriwQj1LzelpYjTG 0000000180002eb0 f   m_79H60AoriwQj1LzelpYjTG.obj
 0001:00001ef0       setSimState_79H60AoriwQj1LzelpYjTG 0000000180002ef0 f   m_79H60AoriwQj1LzelpYjTG.obj
 0001:00001f30       mdlTerminate_79H60AoriwQj1LzelpYjTG 0000000180002f30 f   m_79H60AoriwQj1LzelpYjTG.obj
 0001:00001f70       mdlEnable_79H60AoriwQj1LzelpYjTG 0000000180002f70 f   m_79H60AoriwQj1LzelpYjTG.obj
 0001:00001fa0       mdlDisable_79H60AoriwQj1LzelpYjTG 0000000180002fa0 f   m_79H60AoriwQj1LzelpYjTG.obj
 0001:00001fd0       mdlStart_79H60AoriwQj1LzelpYjTG 0000000180002fd0 f   m_79H60AoriwQj1LzelpYjTG.obj
 0001:000020d0       mdlProcessParameters_79H60AoriwQj1LzelpYjTG 00000001800030d0 f   m_79H60AoriwQj1LzelpYjTG.obj
 0001:00003f78       $LN140                     0000000180004f78     LabB_CheckCommunications_cgxe_registry.obj
 0001:00004d64       $LN22                      0000000180005d64     LabB_CheckCommunications_cgxe_registry.obj
 0001:00005464       $LN26                      0000000180006464     LabB_CheckCommunications_cgxe_registry.obj
 0001:00005b44       $LN24                      0000000180006b44     LabB_CheckCommunications_cgxe_registry.obj
 0001:000066fc       $LN30                      00000001800076fc     LabB_CheckCommunications_cgxe_registry.obj
 0001:000084c0       mdlStart                   00000001800094c0 f   LabB_CheckCommunications_cgxe_registry.obj
 0001:00008500       mdlInitializeConditions    0000000180009500 f   LabB_CheckCommunications_cgxe_registry.obj
 0001:00008520       mdlUpdate                  0000000180009520 f   LabB_CheckCommunications_cgxe_registry.obj
 0001:00008550       mdlOutputs                 0000000180009550 f   LabB_CheckCommunications_cgxe_registry.obj
 0001:00008580       mdlTerminate               0000000180009580 f   LabB_CheckCommunications_cgxe_registry.obj
 0001:000085a0       mdlInitializeSizes         00000001800095a0 f   LabB_CheckCommunications_cgxe_registry.obj
 0001:000085b0       mdlInitializeSampleTimes   00000001800095b0 f   LabB_CheckCommunications_cgxe_registry.obj
 0001:000085c0       cgxe_get_supported_modules 00000001800095c0 f   LabB_CheckCommunications_cgxe_registry.obj
 0001:00008690       cgxe_process_get_checksums 0000000180009690 f   LabB_CheckCommunications_cgxe_registry.obj
 0001:00008a20       cgxe_mex_unlock_call       0000000180009a20 f   LabB_CheckCommunications_cgxe_registry.obj
 0001:00008a60       cgxe_unpack_simstruct      0000000180009a60 f   LabB_CheckCommunications_cgxe_registry.obj
 0001:00008b00       cgxe_get_sim_state         0000000180009b00 f   LabB_CheckCommunications_cgxe_registry.obj
 0001:00008b70       cgxe_set_sim_state         0000000180009b70 f   LabB_CheckCommunications_cgxe_registry.obj
 0001:00008bf0       cgxe_get_BuildInfoUpdate   0000000180009bf0 f   LabB_CheckCommunications_cgxe_registry.obj
 0001:00008cc0       cgxe_get_fallback_info     0000000180009cc0 f   LabB_CheckCommunications_cgxe_registry.obj
 0001:00008d90       ProcessMexSfunctionCmdLineCall 0000000180009d90 f   LabB_CheckCommunications_cgxe_registry.obj
 0001:00008fc0       mdlZeroCrossings           0000000180009fc0 f   LabB_CheckCommunications_cgxe_registry.obj
 0001:00009010       mdlGetTimeOfNextVarHit     000000018000a010 f   LabB_CheckCommunications_cgxe_registry.obj
 0001:00009060       _RegNumInputPortsCB        000000018000a060 f   LabB_CheckCommunications_cgxe_registry.obj
 0001:000090e0       _RegNumOutputPortsCB       000000018000a0e0 f   LabB_CheckCommunications_cgxe_registry.obj
 0001:00009160       _CreateSimStruct           000000018000a160 f   LabB_CheckCommunications_cgxe_registry.obj
 0001:00009390       _ProcessMexSfunctionCmdLineCall 000000018000a390 f   LabB_CheckCommunications_cgxe_registry.obj
 0001:00009d20       ReportIndexOutOfBoundsError 000000018000ad20 f   LabB_CheckCommunications_cgxe_registry.obj
 0001:0000a200       $$000000                   000000018000b200     MSVCRT:amdsecgs.obj
 0001:0000a4fc       capture_current_context    000000018000b4fc f   MSVCRT:gs_report.obj
 0001:0000a56c       capture_previous_context   000000018000b56c f   MSVCRT:gs_report.obj
 0001:0000a5e0       ?dllmain_crt_dispatch@@YAHQEAUHINSTANCE__@@KQEAX@Z 000000018000b5e0 f   MSVCRT:dll_dllmain.obj
 0001:0000a630       ?dllmain_crt_process_attach@@YAHQEAUHINSTANCE__@@QEAX@Z 000000018000b630 f   MSVCRT:dll_dllmain.obj
 0001:0000a748       ?dllmain_crt_process_detach@@YAH_N@Z 000000018000b748 f   MSVCRT:dll_dllmain.obj
 0001:0000a7cc       ?dllmain_dispatch@@YAHQEAUHINSTANCE__@@KQEAX@Z 000000018000b7cc f   MSVCRT:dll_dllmain.obj
 0001:0000a900       ?dllmain_raw@@YAHQEAUHINSTANCE__@@KQEAX@Z 000000018000b900 f   MSVCRT:dll_dllmain.obj
 0001:0000a964       __get_entropy              000000018000b964 f   MSVCRT:gs_support.obj
 0001:0000aaf4       ?find_pe_section@@YAPEAU_IMAGE_SECTION_HEADER@@QEAE_K@Z 000000018000baf4 f   MSVCRT:utility.obj
 0001:0000ab48       ?is_potentially_valid_image_base@@YA_NQEAX@Z 000000018000bb48 f   MSVCRT:utility.obj
 0001:0000b294       __castguard_compat_check   000000018000c294 f   MSVCRT:guard_support.obj
 0001:0000b380       __castguard_slow_path_compat_check 000000018000c380 f   MSVCRT:guard_support.obj
 0001:0000b680       $$000000                   000000018000c680     MSVCRT:guard_dispatch.obj
 0001:0000b6a0       $$000000                   000000018000c6a0     MSVCRT:guard_xfg_dispatch.obj
 0001:0000b6b6       ?fin$0@?0??dllmain_crt_process_attach@@YAHQEAUHINSTANCE__@@QEAX@Z@4HA 000000018000c6b6 f   MSVCRT:dll_dllmain.obj
 0001:0000b6cd       ?fin$0@?0??dllmain_crt_process_detach@@YAH_N@Z@4HA 000000018000c6cd f   MSVCRT:dll_dllmain.obj
 0001:0000b6e6       ?fin$1@?0??dllmain_crt_process_detach@@YAH_N@Z@4HA 000000018000c6e6 f   MSVCRT:dll_dllmain.obj
 0001:0000b6fa       ?filt$0@?0??dllmain_dispatch@@YAHQEAUHINSTANCE__@@KQEAX@Z@4HA 000000018000c6fa f   MSVCRT:dll_dllmain.obj
 0001:0000b730       __scrt_is_nonwritable_in_current_image$filt$0 000000018000c730 f   MSVCRT:utility.obj
 0002:000003e0       ?iv@?1??SystemCore_setup@@9@9 000000018000d3e0     m_79H60AoriwQj1LzelpYjTG.obj
 0002:000003e8       ?iv1@?1??SystemCore_setup@@9@9 000000018000d3e8     m_79H60AoriwQj1LzelpYjTG.obj
 0002:000003f0       ?iv2@?1??SystemCore_setup@@9@9 000000018000d3f0     m_79H60AoriwQj1LzelpYjTG.obj
 0002:000003f8       ?iv@?1??mw__internal__call__reset@@9@9 000000018000d3f8     m_79H60AoriwQj1LzelpYjTG.obj
 0002:00000400       ?iv1@?1??mw__internal__call__reset@@9@9 000000018000d400     m_79H60AoriwQj1LzelpYjTG.obj
 0002:00000408       ?iv2@?1??mw__internal__call__reset@@9@9 000000018000d408     m_79H60AoriwQj1LzelpYjTG.obj
 0002:00000410       ?iv@?1??mw__internal__call__step@@9@9 000000018000d410     m_79H60AoriwQj1LzelpYjTG.obj
 0002:00000418       ?iv1@?1??mw__internal__call__step@@9@9 000000018000d418     m_79H60AoriwQj1LzelpYjTG.obj
 0002:00000420       ?iv2@?1??mw__internal__call__step@@9@9 000000018000d420     m_79H60AoriwQj1LzelpYjTG.obj
 0002:00000428       ?dims@?1??c_emlrt_marshallIn@@9@9 000000018000d428     m_79H60AoriwQj1LzelpYjTG.obj
 0002:0000042c       ?dims@?1??g_emlrt_marshallIn@@9@9 000000018000d42c     m_79H60AoriwQj1LzelpYjTG.obj
 0002:00000430       ?dims@?1??h_emlrt_marshallIn@@9@9 000000018000d430     m_79H60AoriwQj1LzelpYjTG.obj
 0002:000004f0       GS_ExceptionPointers       000000018000d4f0     MSVCRT:gs_report.obj
 0002:00000910       $unwind$cgxe_LabB_CheckCommunications_method_dispatcher 000000018000d910     LabB_CheckCommunications_cgxe.obj
 0002:00000918       $unwind$method_dispatcher_79H60AoriwQj1LzelpYjTG 000000018000d918     m_79H60AoriwQj1LzelpYjTG.obj
 0002:00000920       $unwind$cgxe_mdl_start     000000018000d920     m_79H60AoriwQj1LzelpYjTG.obj
 0002:00000928       $unwind$cgxe_mdl_initialize 000000018000d928     m_79H60AoriwQj1LzelpYjTG.obj
 0002:00000930       $unwind$cgxe_mdl_outputs   000000018000d930     m_79H60AoriwQj1LzelpYjTG.obj
 0002:00000938       $unwind$cgxe_mdl_terminate 000000018000d938     m_79H60AoriwQj1LzelpYjTG.obj
 0002:00000940       $unwind$mw__internal__system__init__fcn 000000018000d940     m_79H60AoriwQj1LzelpYjTG.obj
 0002:00000948       $unwind$mw__internal__system__terminate__fcn 000000018000d948     m_79H60AoriwQj1LzelpYjTG.obj
 0002:00000950       $unwind$mw__internal__call__setup 000000018000d950     m_79H60AoriwQj1LzelpYjTG.obj
 0002:00000958       $unwind$soMPU6050Accel_soMPU6050Accel 000000018000d958     m_79H60AoriwQj1LzelpYjTG.obj
 0002:00000960       $unwind$SystemCore_setup   000000018000d960     m_79H60AoriwQj1LzelpYjTG.obj
 0002:00000970       $unwind$mw__internal__call__reset 000000018000d970     m_79H60AoriwQj1LzelpYjTG.obj
 0002:00000980       $unwind$mw__internal__call__step 000000018000d980     m_79H60AoriwQj1LzelpYjTG.obj
 0002:00000990       $unwind$emlrt_marshallOut  000000018000d990     m_79H60AoriwQj1LzelpYjTG.obj
 0002:00000998       $unwind$cgxe_mdl_get_sim_state 000000018000d998     m_79H60AoriwQj1LzelpYjTG.obj
 0002:000009a0       $unwind$emlrt_marshallIn   000000018000d9a0     m_79H60AoriwQj1LzelpYjTG.obj
 0002:000009ac       $unwind$b_emlrt_marshallIn 000000018000d9ac     m_79H60AoriwQj1LzelpYjTG.obj
 0002:000009c0       $unwind$c_emlrt_marshallIn 000000018000d9c0     m_79H60AoriwQj1LzelpYjTG.obj
 0002:000009d4       $unwind$d_emlrt_marshallIn 000000018000d9d4     m_79H60AoriwQj1LzelpYjTG.obj
 0002:000009dc       $unwind$e_emlrt_marshallIn 000000018000d9dc     m_79H60AoriwQj1LzelpYjTG.obj
 0002:000009e4       $unwind$f_emlrt_marshallIn 000000018000d9e4     m_79H60AoriwQj1LzelpYjTG.obj
 0002:000009ec       $unwind$cgxe_mdl_set_sim_state 000000018000d9ec     m_79H60AoriwQj1LzelpYjTG.obj
 0002:000009f4       $unwind$message            000000018000d9f4     m_79H60AoriwQj1LzelpYjTG.obj
 0002:000009fc       $unwind$getString          000000018000d9fc     m_79H60AoriwQj1LzelpYjTG.obj
 0002:00000a04       $unwind$error              000000018000da04     m_79H60AoriwQj1LzelpYjTG.obj
 0002:00000a0c       $unwind$g_emlrt_marshallIn 000000018000da0c     m_79H60AoriwQj1LzelpYjTG.obj
 0002:00000a14       $unwind$h_emlrt_marshallIn 000000018000da14     m_79H60AoriwQj1LzelpYjTG.obj
 0002:00000a1c       $unwind$init_simulink_io_address 000000018000da1c     m_79H60AoriwQj1LzelpYjTG.obj
 0002:00000a24       $unwind$mdlOutputs_79H60AoriwQj1LzelpYjTG 000000018000da24     m_79H60AoriwQj1LzelpYjTG.obj
 0002:00000a2c       $unwind$mdlInitialize_79H60AoriwQj1LzelpYjTG 000000018000da2c     m_79H60AoriwQj1LzelpYjTG.obj
 0002:00000a34       $unwind$mdlUpdate_79H60AoriwQj1LzelpYjTG 000000018000da34     m_79H60AoriwQj1LzelpYjTG.obj
 0002:00000a3c       $unwind$getSimState_79H60AoriwQj1LzelpYjTG 000000018000da3c     m_79H60AoriwQj1LzelpYjTG.obj
 0002:00000a44       $unwind$setSimState_79H60AoriwQj1LzelpYjTG 000000018000da44     m_79H60AoriwQj1LzelpYjTG.obj
 0002:00000a4c       $unwind$mdlTerminate_79H60AoriwQj1LzelpYjTG 000000018000da4c     m_79H60AoriwQj1LzelpYjTG.obj
 0002:00000a54       $unwind$mdlEnable_79H60AoriwQj1LzelpYjTG 000000018000da54     m_79H60AoriwQj1LzelpYjTG.obj
 0002:00000a5c       $unwind$mdlDisable_79H60AoriwQj1LzelpYjTG 000000018000da5c     m_79H60AoriwQj1LzelpYjTG.obj
 0002:00000a64       $unwind$mdlStart_79H60AoriwQj1LzelpYjTG 000000018000da64     m_79H60AoriwQj1LzelpYjTG.obj
 0002:00000a6c       $unwind$cgxe_79H60AoriwQj1LzelpYjTG_BuildInfoUpdate 000000018000da6c     m_79H60AoriwQj1LzelpYjTG.obj
 0002:00000a74       $unwind$cgxe_79H60AoriwQj1LzelpYjTG_fallback_info 000000018000da74     m_79H60AoriwQj1LzelpYjTG.obj
 0002:00000a7c       $unwind$_vsnprintf_l       000000018000da7c     LabB_CheckCommunications_cgxe_registry.obj
 0002:00000a84       $unwind$_vsprintf_l        000000018000da84     LabB_CheckCommunications_cgxe_registry.obj
 0002:00000a8c       $unwind$sprintf            000000018000da8c     LabB_CheckCommunications_cgxe_registry.obj
 0002:00000a94       $unwind$mexFunction        000000018000da94     LabB_CheckCommunications_cgxe_registry.obj
 0002:00000aa4       $unwind$_ssSetInputPortDirectFeedThroughFcn 000000018000daa4     LabB_CheckCommunications_cgxe_registry.obj
 0002:00000ab4       $unwind$_ssSetRWorkValueFcn 000000018000dab4     LabB_CheckCommunications_cgxe_registry.obj
 0002:00000abc       $unwind$_ssGetRWorkValueFcn 000000018000dabc     LabB_CheckCommunications_cgxe_registry.obj
 0002:00000ac4       $unwind$_ssSetIWorkValueFcn 000000018000dac4     LabB_CheckCommunications_cgxe_registry.obj
 0002:00000acc       $unwind$_ssGetIWorkValueFcn 000000018000dacc     LabB_CheckCommunications_cgxe_registry.obj
 0002:00000ad4       $unwind$_ssSetPWorkValueFcn 000000018000dad4     LabB_CheckCommunications_cgxe_registry.obj
 0002:00000adc       $unwind$_ssGetPWorkValueFcn 000000018000dadc     LabB_CheckCommunications_cgxe_registry.obj
 0002:00000ae4       $unwind$_ssGetInputPortSignalFcn 000000018000dae4     LabB_CheckCommunications_cgxe_registry.obj
 0002:00000af4       $unwind$_ssGetInputPortBufferDstPortFcn 000000018000daf4     LabB_CheckCommunications_cgxe_registry.obj
 0002:00000afc       $unwind$_ssGetInputPortSignalPtrsFcn 000000018000dafc     LabB_CheckCommunications_cgxe_registry.obj
 0002:00000b0c       $unwind$ssGetParameterTuningCompliance 000000018000db0c     LabB_CheckCommunications_cgxe_registry.obj
 0002:00000b14       $unwind$ssGetDTypeIdFromMxArray 000000018000db14     LabB_CheckCommunications_cgxe_registry.obj
 0002:00000b1c       $unwind$ssWriteRTWMx2dMatParam 000000018000db1c     LabB_CheckCommunications_cgxe_registry.obj
 0002:00000b24       $unwind$ssWriteRTWMxVectParam 000000018000db24     LabB_CheckCommunications_cgxe_registry.obj
 0002:00000b2c       $unwind$ssWriteRTWParameters 000000018000db2c     LabB_CheckCommunications_cgxe_registry.obj
 0002:00000b34       $unwind$ssWriteRTWParamSettings 000000018000db34     LabB_CheckCommunications_cgxe_registry.obj
 0002:00000b3c       $unwind$ssWriteRTWStr      000000018000db3c     LabB_CheckCommunications_cgxe_registry.obj
 0002:00000b44       $unwind$ssWriteRTWWorkVect 000000018000db44     LabB_CheckCommunications_cgxe_registry.obj
 0002:00000b58       $unwind$ssWarning          000000018000db58     LabB_CheckCommunications_cgxe_registry.obj
 0002:00000b6c       $unwind$ssWriteRTWNameValuePair 000000018000db6c     LabB_CheckCommunications_cgxe_registry.obj
 0002:00000b74       $unwind$_ssSetInputPortMatrixDimensions 000000018000db74     LabB_CheckCommunications_cgxe_registry.obj
 0002:00000b80       $unwind$_ssSetOutputPortMatrixDimensions 000000018000db80     LabB_CheckCommunications_cgxe_registry.obj
 0002:00000b8c       $unwind$_ssSetInputPortVectorDimension 000000018000db8c     LabB_CheckCommunications_cgxe_registry.obj
 0002:00000b98       $unwind$_ssSetOutputPortVectorDimension 000000018000db98     LabB_CheckCommunications_cgxe_registry.obj
 0002:00000ba4       $unwind$ssIsRunTimeParamTunable 000000018000dba4     LabB_CheckCommunications_cgxe_registry.obj
 0002:00000bac       $unwind$ssGetSFuncBlockHandle 000000018000dbac     LabB_CheckCommunications_cgxe_registry.obj
 0002:00000bb4       $unwind$_ssGetCurrentInputPortWidth 000000018000dbb4     LabB_CheckCommunications_cgxe_registry.obj
 0002:00000bbc       $unwind$_ssGetCurrentOutputPortWidth 000000018000dbbc     LabB_CheckCommunications_cgxe_registry.obj
 0002:00000bc4       $unwind$_ssGetCallSystemNumFcnCallDestinations 000000018000dbc4     LabB_CheckCommunications_cgxe_registry.obj
 0002:00000bcc       $unwind$ssGetIsZeroCrossControlDisabled 000000018000dbcc     LabB_CheckCommunications_cgxe_registry.obj
 0002:00000bd4       $unwind$ssSetIsInputPortUsedForContZcSignal 000000018000dbd4     LabB_CheckCommunications_cgxe_registry.obj
 0002:00000bdc       $unwind$ssSetZcSignalIsZcElementDisc 000000018000dbdc     LabB_CheckCommunications_cgxe_registry.obj
 0002:00000bec       $unwind$ssSetZcSignalName  000000018000dbec     LabB_CheckCommunications_cgxe_registry.obj
 0002:00000bf4       $unwind$ssSetZcSignalWidth 000000018000dbf4     LabB_CheckCommunications_cgxe_registry.obj
 0002:00000bfc       $unwind$ssSetZcSignalZcEventType 000000018000dbfc     LabB_CheckCommunications_cgxe_registry.obj
 0002:00000c04       $unwind$ssSetZcSignalType  000000018000dc04     LabB_CheckCommunications_cgxe_registry.obj
 0002:00000c0c       $unwind$ssSetZcSignalZcTol 000000018000dc0c     LabB_CheckCommunications_cgxe_registry.obj
 0002:00000c14       $unwind$ssSetZcSignalNeedsEventNotification 000000018000dc14     LabB_CheckCommunications_cgxe_registry.obj
 0002:00000c1c       $unwind$ssCreateAndAddZcSignalInfo 000000018000dc1c     LabB_CheckCommunications_cgxe_registry.obj
 0002:00000c24       $unwind$ssCloneAndAddZcSignalInfo 000000018000dc24     LabB_CheckCommunications_cgxe_registry.obj
 0002:00000c2c       $unwind$ssGetNumZcSignals  000000018000dc2c     LabB_CheckCommunications_cgxe_registry.obj
 0002:00000c34       $unwind$ssGetZcSignalVector 000000018000dc34     LabB_CheckCommunications_cgxe_registry.obj
 0002:00000c3c       $unwind$ssGetZcSignalName  000000018000dc3c     LabB_CheckCommunications_cgxe_registry.obj
[...]
 0003:00000658       $SG20454                   000000018000f658     m_79H60AoriwQj1LzelpYjTG.obj
 0003:00000668       $SG20456                   000000018000f668     m_79H60AoriwQj1LzelpYjTG.obj
 0003:00000680       $SG20457                   000000018000f680     m_79H60AoriwQj1LzelpYjTG.obj
 0003:00000690       $SG20458                   000000018000f690     m_79H60AoriwQj1LzelpYjTG.obj
 0003:000006a8       $SG19246                   000000018000f6a8     LabB_CheckCommunications_cgxe_registry.obj
 0003:000006d8       $SG19251                   000000018000f6d8     LabB_CheckCommunications_cgxe_registry.obj
 0003:00000718       $SG19258                   000000018000f718     LabB_CheckCommunications_cgxe_registry.obj
 0003:0000074c       $SG19315                   000000018000f74c     LabB_CheckCommunications_cgxe_registry.obj
 0003:00000754       $SG19319                   000000018000f754     LabB_CheckCommunications_cgxe_registry.obj
 0003:0000075c       $SG20971                   000000018000f75c     LabB_CheckCommunications_cgxe_registry.obj
 0003:00000760       $SG19265                   000000018000f760     LabB_CheckCommunications_cgxe_registry.obj
 0003:00000794       $SG19325                   000000018000f794     LabB_CheckCommunications_cgxe_registry.obj
 0003:0000079c       $SG21049                   000000018000f79c     LabB_CheckCommunications_cgxe_registry.obj
 0003:000007a0       $SG19270                   000000018000f7a0     LabB_CheckCommunications_cgxe_registry.obj
 0003:000007d8       $SG19313                   000000018000f7d8     LabB_CheckCommunications_cgxe_registry.obj
 0003:000007e0       $SG19317                   000000018000f7e0     LabB_CheckCommunications_cgxe_registry.obj
 0003:000007f0       $SG19321                   000000018000f7f0     LabB_CheckCommunications_cgxe_registry.obj
 0003:000007f8       $SG19322                   000000018000f7f8     LabB_CheckCommunications_cgxe_registry.obj
 0003:00000800       $SG19323                   000000018000f800     LabB_CheckCommunications_cgxe_registry.obj
 0003:00000808       $SG19324                   000000018000f808     LabB_CheckCommunications_cgxe_registry.obj
 0003:00000818       $SG19326                   000000018000f818     LabB_CheckCommunications_cgxe_registry.obj
 0003:00000820       $SG19371                   000000018000f820     LabB_CheckCommunications_cgxe_registry.obj
 0003:00000850       $SG19386                   000000018000f850     LabB_CheckCommunications_cgxe_registry.obj
 0003:00000880       $SG19404                   000000018000f880     LabB_CheckCommunications_cgxe_registry.obj
 0003:00000898       $SG19422                   000000018000f898     LabB_CheckCommunications_cgxe_registry.obj
 0003:000008b0       $SG19440                   000000018000f8b0     LabB_CheckCommunications_cgxe_registry.obj
 0003:000008c0       $SG19442                   000000018000f8c0     LabB_CheckCommunications_cgxe_registry.obj
 0003:000008d0       $SG19444                   000000018000f8d0     LabB_CheckCommunications_cgxe_registry.obj
 0003:000008e0       $SG19446                   000000018000f8e0     LabB_CheckCommunications_cgxe_registry.obj
 0003:000008f0       $SG19448                   000000018000f8f0     LabB_CheckCommunications_cgxe_registry.obj
 0003:00000908       $SG19450                   000000018000f908     LabB_CheckCommunications_cgxe_registry.obj
 0003:00000920       $SG19464                   000000018000f920     LabB_CheckCommunications_cgxe_registry.obj
 0003:00000948       _sfcnName                  000000018000f948     LabB_CheckCommunications_cgxe_registry.obj
 0003:00000980       $SG19481                   000000018000f980     LabB_CheckCommunications_cgxe_registry.obj
 0003:000009f8       $SG19815                   000000018000f9f8     LabB_CheckCommunications_cgxe_registry.obj
 0003:00000a18       $SG19830                   000000018000fa18     LabB_CheckCommunications_cgxe_registry.obj
 0003:00000a28       $SG20021                   000000018000fa28     LabB_CheckCommunications_cgxe_registry.obj
 0003:00000a30       $SG19486                   000000018000fa30     LabB_CheckCommunications_cgxe_registry.obj
 0003:00000aa8       $SG19816                   000000018000faa8     LabB_CheckCommunications_cgxe_registry.obj
 0003:00000ac8       $SG20020                   000000018000fac8     LabB_CheckCommunications_cgxe_registry.obj
 0003:00000b04       $SG20022                   000000018000fb04     LabB_CheckCommunications_cgxe_registry.obj
 0003:00000b10       $SG20026                   000000018000fb10     LabB_CheckCommunications_cgxe_registry.obj
 0003:00000b58       $SG20027                   000000018000fb58     LabB_CheckCommunications_cgxe_registry.obj
 0003:00000b60       $SG20028                   000000018000fb60     LabB_CheckCommunications_cgxe_registry.obj
 0003:00000b68       $SG20030                   000000018000fb68     LabB_CheckCommunications_cgxe_registry.obj
 0003:00000b70       $SG20029                   000000018000fb70     LabB_CheckCommunications_cgxe_registry.obj
 0003:00000bc4       $SG20031                   000000018000fbc4     LabB_CheckCommunications_cgxe_registry.obj
 0003:00000bd0       $SG20053                   000000018000fbd0     LabB_CheckCommunications_cgxe_registry.obj
 0003:00000c10       $SG20054                   000000018000fc10     LabB_CheckCommunications_cgxe_registry.obj
 0003:00000c18       $SG20055                   000000018000fc18     LabB_CheckCommunications_cgxe_registry.obj
 0003:00000c20       $SG20059                   000000018000fc20     LabB_CheckCommunications_cgxe_registry.obj
 0003:00000c68       $SG20060                   000000018000fc68     LabB_CheckCommunications_cgxe_registry.obj
 0003:00000c70       $SG20061                   000000018000fc70     LabB_CheckCommunications_cgxe_registry.obj
 0003:00000c78       $SG20063                   000000018000fc78     LabB_CheckCommunications_cgxe_registry.obj
 0003:00000c80       $SG20062                   000000018000fc80     LabB_CheckCommunications_cgxe_registry.obj
 0003:00000cd4       $SG20064                   000000018000fcd4     LabB_CheckCommunications_cgxe_registry.obj
 0003:00000ce0       $SG20079                   000000018000fce0     LabB_CheckCommunications_cgxe_registry.obj
 0003:00000d30       $SG20080                   000000018000fd30     LabB_CheckCommunications_cgxe_registry.obj
 0003:00000d38       $SG20081                   000000018000fd38     LabB_CheckCommunications_cgxe_registry.obj
 0003:00000d40       $SG20093                   000000018000fd40     LabB_CheckCommunications_cgxe_registry.obj
 0003:00000da0       $SG20094                   000000018000fda0     LabB_CheckCommunications_cgxe_registry.obj
 0003:00000da8       $SG20095                   000000018000fda8     LabB_CheckCommunications_cgxe_registry.obj
 0003:00000db0       $SG20107                   000000018000fdb0     LabB_CheckCommunications_cgxe_registry.obj
 0003:00000e10       $SG20108                   000000018000fe10     LabB_CheckCommunications_cgxe_registry.obj
 0003:00000e18       $SG20109                   000000018000fe18     LabB_CheckCommunications_cgxe_registry.obj
 0003:00000e20       $SG20333                   000000018000fe20     LabB_CheckCommunications_cgxe_registry.obj
 0003:00000e98       $SG20955                   000000018000fe98     LabB_CheckCommunications_cgxe_registry.obj
 0003:00000eb0       $SG20336                   000000018000feb0     LabB_CheckCommunications_cgxe_registry.obj
 0003:00000f24       $SG21023                   000000018000ff24     LabB_CheckCommunications_cgxe_registry.obj
 0003:00000f30       $SG20341                   000000018000ff30     LabB_CheckCommunications_cgxe_registry.obj
 0003:00000fa8       $SG21024                   000000018000ffa8     LabB_CheckCommunications_cgxe_registry.obj
 0003:00000fb0       $SG20349                   000000018000ffb0     LabB_CheckCommunications_cgxe_registry.obj
 0003:00001020       $SG20624                   0000000180010020     LabB_CheckCommunications_cgxe_registry.obj
 0003:00001098       $SG21025                   0000000180010098     LabB_CheckCommunications_cgxe_registry.obj
 0003:000010a0       $SG20629                   00000001800100a0     LabB_CheckCommunications_cgxe_registry.obj
 0003:00001118       $SG21031                   0000000180010118     LabB_CheckCommunications_cgxe_registry.obj
 0003:00001120       $SG20968                   0000000180010120     LabB_CheckCommunications_cgxe_registry.obj
 0003:00001198       $SG21034                   0000000180010198     LabB_CheckCommunications_cgxe_registry.obj
 0003:000011a0       $SG21026                   00000001800101a0     LabB_CheckCommunications_cgxe_registry.obj
 0003:00001218       $SG21037                   0000000180010218     LabB_CheckCommunications_cgxe_registry.obj
 0003:00001220       $SG21028                   0000000180010220     LabB_CheckCommunications_cgxe_registry.obj
 0003:000012a0       $SG21038                   00000001800102a0     LabB_CheckCommunications_cgxe_registry.obj
 0003:00001320       $SG21039                   0000000180010320     LabB_CheckCommunications_cgxe_registry.obj
 0003:00001330       $SG21041                   0000000180010330     LabB_CheckCommunications_cgxe_registry.obj
 0003:0000133c       $SG21043                   000000018001033c     LabB_CheckCommunications_cgxe_registry.obj
 0003:00001344       $SG21045                   0000000180010344     LabB_CheckCommunications_cgxe_registry.obj
 0003:00001350       $SG21047                   0000000180010350     LabB_CheckCommunications_cgxe_registry.obj
 0003:00001360       $SG21052                   0000000180010360     LabB_CheckCommunications_cgxe_registry.obj
 0003:00001448       $SG21157                   0000000180010448     LabB_CheckCommunications_cgxe_registry.obj
 0003:00001478       $SG21158                   0000000180010478     LabB_CheckCommunications_cgxe_registry.obj
 0003:00001480       $SG21159                   0000000180010480     LabB_CheckCommunications_cgxe_registry.obj
 0003:00001488       $SG21161                   0000000180010488     LabB_CheckCommunications_cgxe_registry.obj
 0003:000014c0       $SG21162                   00000001800104c0     LabB_CheckCommunications_cgxe_registry.obj
 0003:000014c8       $SG21163                   00000001800104c8     LabB_CheckCommunications_cgxe_registry.obj
 0003:000014d0       $SG21166                   00000001800104d0     LabB_CheckCommunications_cgxe_registry.obj
 0003:00001508       $SG21167                   0000000180010508     LabB_CheckCommunications_cgxe_registry.obj
 0003:00001510       $SG21168                   0000000180010510     LabB_CheckCommunications_cgxe_registry.obj
 0003:00001518       $SG21170                   0000000180010518     LabB_CheckCommunications_cgxe_registry.obj
 0003:00001550       $SG21171                   0000000180010550     LabB_CheckCommunications_cgxe_registry.obj
 0003:00001558       $SG21172                   0000000180010558     LabB_CheckCommunications_cgxe_registry.obj
 0003:00001560       $SG21174                   0000000180010560     LabB_CheckCommunications_cgxe_registry.obj
 0003:00001598       $SG21175                   0000000180010598     LabB_CheckCommunications_cgxe_registry.obj
 0003:000015a0       $SG21176                   00000001800105a0     LabB_CheckCommunications_cgxe_registry.obj
 0003:000015a8       $SG21179                   00000001800105a8     LabB_CheckCommunications_cgxe_registry.obj
 0003:000015c8       $SG21181                   00000001800105c8     LabB_CheckCommunications_cgxe_registry.obj
 0003:000015e0       $SG21182                   00000001800105e0     LabB_CheckCommunications_cgxe_registry.obj
 0003:00001618       $SG21183                   0000000180010618     LabB_CheckCommunications_cgxe_registry.obj
 0003:00001620       $SG21184                   0000000180010620     LabB_CheckCommunications_cgxe_registry.obj
 0003:00001628       $SG21315                   0000000180010628     LabB_CheckCommunications_cgxe_registry.obj
 0003:00001648       $SG21320                   0000000180010648     LabB_CheckCommunications_cgxe_registry.obj
 0003:00001660       $SG21316                   0000000180010660     LabB_CheckCommunications_cgxe_registry.obj
 0003:000016f0       $SG21321                   00000001800106f0     LabB_CheckCommunications_cgxe_registry.obj
 0003:00001780       $SG21325                   0000000180010780     LabB_CheckCommunications_cgxe_registry.obj
 0003:00001798       $SG21340                   0000000180010798     LabB_CheckCommunications_cgxe_registry.obj
 0003:000017b8       $SG21345                   00000001800107b8     LabB_CheckCommunications_cgxe_registry.obj
 0003:000017e0       $SG21326                   00000001800107e0     LabB_CheckCommunications_cgxe_registry.obj
 0003:00001870       $SG21330                   0000000180010870     LabB_CheckCommunications_cgxe_registry.obj
 0003:00001890       $SG21331                   0000000180010890     LabB_CheckCommunications_cgxe_registry.obj
 0003:00001920       $SG21335                   0000000180010920     LabB_CheckCommunications_cgxe_registry.obj
 0003:00001940       $SG21336                   0000000180010940     LabB_CheckCommunications_cgxe_registry.obj
 0003:000019d0       $SG21341                   00000001800109d0     LabB_CheckCommunications_cgxe_registry.obj
 0003:00001a60       $SG21346                   0000000180010a60     LabB_CheckCommunications_cgxe_registry.obj
 0003:00001af0       $SG21350                   0000000180010af0     LabB_CheckCommunications_cgxe_registry.obj
 0003:00001b18       $SG21365                   0000000180010b18     LabB_CheckCommunications_cgxe_registry.obj
 0003:00001b30       $SG21351                   0000000180010b30     LabB_CheckCommunications_cgxe_registry.obj
 0003:00001bc0       $SG21355                   0000000180010bc0     LabB_CheckCommunications_cgxe_registry.obj
 0003:00001be0       $SG21356                   0000000180010be0     LabB_CheckCommunications_cgxe_registry.obj
 0003:00001c70       $SG21360                   0000000180010c70     LabB_CheckCommunications_cgxe_registry.obj
 0003:00001c90       $SG21361                   0000000180010c90     LabB_CheckCommunications_cgxe_registry.obj
 0003:00001d20       $SG21366                   0000000180010d20     LabB_CheckCommunications_cgxe_registry.obj
 0003:00001db0       $SG21370                   0000000180010db0     LabB_CheckCommunications_cgxe_registry.obj
 0003:00001dd0       $SG21371                   0000000180010dd0     LabB_CheckCommunications_cgxe_registry.obj
 0003:00001e60       $SG21375                   0000000180010e60     LabB_CheckCommunications_cgxe_registry.obj
 0003:00001e80       $SG21376                   0000000180010e80     LabB_CheckCommunications_cgxe_registry.obj
 0003:00001f10       $SG21380                   0000000180010f10     LabB_CheckCommunications_cgxe_registry.obj
 0003:00001f30       $SG21381                   0000000180010f30     LabB_CheckCommunications_cgxe_registry.obj
 0003:00001fc0       $SG21385                   0000000180010fc0     LabB_CheckCommunications_cgxe_registry.obj
 0003:00001fe0       $SG21386                   0000000180010fe0     LabB_CheckCommunications_cgxe_registry.obj
 0003:00002070       $SG21390                   0000000180011070     LabB_CheckCommunications_cgxe_registry.obj
 0003:00002090       $SG21391                   0000000180011090     LabB_CheckCommunications_cgxe_registry.obj
 0003:00002120       $SG21395                   0000000180011120     LabB_CheckCommunications_cgxe_registry.obj
 0003:00002140       $SG21396                   0000000180011140     LabB_CheckCommunications_cgxe_registry.obj
 0003:000021d0       $SG21401                   00000001800111d0     LabB_CheckCommunications_cgxe_registry.obj
 0003:000021e8       $SG21406                   00000001800111e8     LabB_CheckCommunications_cgxe_registry.obj
 0003:00002200       $SG21402                   0000000180011200     LabB_CheckCommunications_cgxe_registry.obj
 0003:00002290       $SG21407                   0000000180011290     LabB_CheckCommunications_cgxe_registry.obj
 0003:00002320       $SG21411                   0000000180011320     LabB_CheckCommunications_cgxe_registry.obj
 0003:00002330       $SG21412                   0000000180011330     LabB_CheckCommunications_cgxe_registry.obj
 0003:000023c0       $SG21416                   00000001800113c0     LabB_CheckCommunications_cgxe_registry.obj
 0003:000023d8       $SG21476                   00000001800113d8     LabB_CheckCommunications_cgxe_registry.obj
 0003:000023f0       $SG21417                   00000001800113f0     LabB_CheckCommunications_cgxe_registry.obj
 0003:00002480       $SG21425                   0000000180011480     LabB_CheckCommunications_cgxe_registry.obj
 0003:00002490       $SG21426                   0000000180011490     LabB_CheckCommunications_cgxe_registry.obj
 0003:00002520       $SG21428                   0000000180011520     LabB_CheckCommunications_cgxe_registry.obj
 0003:000025a0       $SG21430                   00000001800115a0     LabB_CheckCommunications_cgxe_registry.obj
 0003:00002620       $SG21434                   0000000180011620     LabB_CheckCommunications_cgxe_registry.obj
 0003:000026a0       $SG21464                   00000001800116a0     LabB_CheckCommunications_cgxe_registry.obj
 0003:000027b8       $SG21486                   00000001800117b8     LabB_CheckCommunications_cgxe_registry.obj
 0003:000027c8       $SG21498                   00000001800117c8     LabB_CheckCommunications_cgxe_registry.obj
 0003:000027d8       $SG21508                   00000001800117d8     LabB_CheckCommunications_cgxe_registry.obj
 0003:000027e8       $SG21520                   00000001800117e8     LabB_CheckCommunications_cgxe_registry.obj
 0003:000027f8       $SG21530                   00000001800117f8     LabB_CheckCommunications_cgxe_registry.obj
 0003:00002808       $SG21540                   0000000180011808     LabB_CheckCommunications_cgxe_registry.obj
 0003:00002870       $SG19800                   0000000180011870     m_79H60AoriwQj1LzelpYjTG.obj
 0003:00002871       $SG19801                   0000000180011871     m_79H60AoriwQj1LzelpYjTG.obj
 0003:00002872       $SG19803                   0000000180011872     m_79H60AoriwQj1LzelpYjTG.obj
 0003:00002873       $SG19804                   0000000180011873     m_79H60AoriwQj1LzelpYjTG.obj
 0003:00002874       $SG19806                   0000000180011874     m_79H60AoriwQj1LzelpYjTG.obj
 0003:00002875       $SG19807                   0000000180011875     m_79H60AoriwQj1LzelpYjTG.obj
 0003:00002876       $SG19809                   0000000180011876     m_79H60AoriwQj1LzelpYjTG.obj
 0003:00002877       $SG19810                   0000000180011877     m_79H60AoriwQj1LzelpYjTG.obj
 0003:00002878       $SG19812                   0000000180011878     m_79H60AoriwQj1LzelpYjTG.obj
 0003:00002879       $SG19813                   0000000180011879     m_79H60AoriwQj1LzelpYjTG.obj
 0003:0000287c       $SG21019                   000000018001187c     LabB_CheckCommunications_cgxe_registry.obj
 0003:00002880       GS_ExceptionRecord         0000000180011880     MSVCRT:gs_report.obj
 0003:00002920       GS_ContextRecord           0000000180011920     MSVCRT:gs_report.obj
 0003:00002df0       ?__proc_attached@@3HA      0000000180011df0     MSVCRT:dll_dllmain.obj
 0003:00002e30       ?is_initialized_as_dll@@3_NA 0000000180011e30     MSVCRT:utility.obj
 0003:00002e31       ?module_local_atexit_table_initialized@@3_NA 0000000180011e31     MSVCRT:utility.obj
 0003:00002e38       ?module_local_atexit_table@@3U_onexit_table_t@@A 0000000180011e38     MSVCRT:utility.obj
 0003:00002e50       ?module_local_at_quick_exit_table@@3U_onexit_table_t@@A 0000000180011e50     MSVCRT:utility.obj
